<html>
<body>
<pre>
<h1>µVision Build Log</h1>
<h2>Project:</h2>
D:\work\switchtool\USER\Template.uvproj
Project File Date:  09/24/2015

<h2>Output:</h2>
Build target 'Template'
compiling main.c...
main.c(105): warning:  #223-D: function "atoi" declared implicitly
        totalB = atoi((pcmd+1)->cmd);
main.c(140): warning:  #223-D: function "atoi" declared implicitly
        totalA = atoi((pcmd+2)->cmd);
main.c(136): warning:  #177-D: variable "NVIC_InitStructure" was declared but never referenced
        NVIC_InitTypeDef NVIC_InitStructure;
main.c(137): warning:  #177-D: variable "pTmp" was declared but never referenced
        CTLCMD* pTmp = pcmd;
main.c(176): warning:  #223-D: function "atoi" declared implicitly
        i = g_umultipulsenum = atoi(pcmd->cmd);
main.c(298): warning:  #223-D: function "strtol" declared implicitly
                        total = strtol(pcmd->cmd, NULL, 10);
main.c(309): warning:  #223-D: function "strtol" declared implicitly
                        total = strtol(pcmd->cmd,NULL,10);
main.c(319): warning:  #223-D: function "strtol" declared implicitly
                        total = strtol(pcmd->cmd,NULL,10);
main.c(329): warning:  #223-D: function "atoi" declared implicitly
                        total = atoi(pcmd->cmd);
main.c(351): warning:  #223-D: function "strtol" declared implicitly
                        total = strtol(pcmd->cmd,NULL,10);
main.c(256): warning:  #177-D: variable "NVIC_InitStructure" was declared but never referenced
        NVIC_InitTypeDef NVIC_InitStructure;
main.c(262): warning:  #177-D: variable "pulse" was declared but never referenced
        PULSE *pulse = recvMultiPulse;
main.c(263): warning:  #177-D: variable "i" was declared but never referenced
        int i=0;
main.c(561): warning:  #1-D: last line of file ends without a newline
  }
main.c: 14 warnings, 0 errors
linking...
Program Size: Code=12452 RO-data=1792 RW-data=64 ZI-data=2416  
"..\OBJ\Template.axf" - 0 Error(s), 14 Warning(s).
