Product: MDK-ARM Professional 5.10
Component: ARM Compiler 5.04 update 1 (build 49)
Tool: armlink [5040049]

==============================================================================

Section Cross References

    main.o(.text) refers to noretval__2printf.o(.text) for __2printf
    main.o(.text) refers to rt_memclr_w.o(.text) for __aeabi_memclr4
    main.o(.text) refers to strlen.o(.text) for strlen
    main.o(.text) refers to strcmpv7m.o(.text) for strcmp
    main.o(.text) refers to strtol.o(.text) for strtol
    main.o(.text) refers to pwm.o(.text) for setTIM3CH3
    main.o(.text) refers to stm32f10x_tim.o(.text) for TIM_Cmd
    main.o(.text) refers to atoi.o(.text) for atoi
    main.o(.text) refers to misc.o(.text) for NVIC_Init
    main.o(.text) refers to main.o(.conststring) for .conststring
    main.o(.text) refers to main.o(.data) for uUartRecvFlag
    main.o(.text) refers to usart.o(.data) for USART_RX_STA
    main.o(.text) refers to usart.o(.bss) for USART_RX_BUF
    main.o(.text) refers to main.o(.bss) for recvcmd
    main.o(.text) refers to stm32f10x_rcc.o(.text) for RCC_PCLK1Config
    main.o(.text) refers to usart.o(.text) for uart_init
    system_stm32f10x.o(.text) refers to system_stm32f10x.o(.data) for SystemCoreClock
    startup_stm32f10x_hd.o(STACK) refers (Special) to heapauxi.o(.text) for __use_two_region_memory
    startup_stm32f10x_hd.o(HEAP) refers (Special) to heapauxi.o(.text) for __use_two_region_memory
    startup_stm32f10x_hd.o(RESET) refers (Special) to heapauxi.o(.text) for __use_two_region_memory
    startup_stm32f10x_hd.o(RESET) refers to startup_stm32f10x_hd.o(STACK) for __initial_sp
    startup_stm32f10x_hd.o(RESET) refers to startup_stm32f10x_hd.o(.text) for Reset_Handler
    startup_stm32f10x_hd.o(RESET) refers to stm32f10x_it.o(.text) for NMI_Handler
    startup_stm32f10x_hd.o(RESET) refers to main.o(.text) for TIM2_IRQHandler
    startup_stm32f10x_hd.o(RESET) refers to usart.o(.text) for USART1_IRQHandler
    startup_stm32f10x_hd.o(.text) refers (Special) to heapauxi.o(.text) for __use_two_region_memory
    startup_stm32f10x_hd.o(.text) refers to system_stm32f10x.o(.text) for SystemInit
    startup_stm32f10x_hd.o(.text) refers to __main.o(!!!main) for __main
    startup_stm32f10x_hd.o(.text) refers to startup_stm32f10x_hd.o(HEAP) for Heap_Mem
    startup_stm32f10x_hd.o(.text) refers to startup_stm32f10x_hd.o(STACK) for Stack_Mem
    stm32f10x_adc.o(.text) refers to stm32f10x_rcc.o(.text) for RCC_APB2PeriphResetCmd
    stm32f10x_gpio.o(.text) refers to stm32f10x_rcc.o(.text) for RCC_APB2PeriphResetCmd
    stm32f10x_pwr.o(.text) refers to stm32f10x_rcc.o(.text) for RCC_APB1PeriphResetCmd
    stm32f10x_rcc.o(.text) refers to stm32f10x_rcc.o(.data) for APBAHBPrescTable
    stm32f10x_spi.o(.text) refers to stm32f10x_rcc.o(.text) for RCC_APB2PeriphResetCmd
    stm32f10x_tim.o(.text) refers to stm32f10x_rcc.o(.text) for RCC_APB2PeriphResetCmd
    stm32f10x_usart.o(.text) refers to stm32f10x_rcc.o(.text) for RCC_APB2PeriphResetCmd
    stm32f10x_wwdg.o(.text) refers to stm32f10x_rcc.o(.text) for RCC_APB1PeriphResetCmd
    delay.o(.text) refers to misc.o(.text) for SysTick_CLKSourceConfig
    delay.o(.text) refers to system_stm32f10x.o(.data) for SystemCoreClock
    delay.o(.text) refers to delay.o(.data) for fac_us
    sys.o(.text) refers to misc.o(.text) for NVIC_PriorityGroupConfig
    usart.o(.text) refers (Special) to use_no_semi_2.o(.text) for __use_no_semihosting
    usart.o(.text) refers to stm32f10x_rcc.o(.text) for RCC_APB2PeriphClockCmd
    usart.o(.text) refers to stm32f10x_usart.o(.text) for USART_DeInit
    usart.o(.text) refers to stm32f10x_gpio.o(.text) for GPIO_Init
    usart.o(.text) refers to misc.o(.text) for NVIC_Init
    usart.o(.text) refers to noretval__2printf.o(.text) for __2printf
    usart.o(.text) refers to main.o(.data) for g_uExitPwmFlag
    usart.o(.text) refers to usart.o(.data) for USART_RX_STA
    usart.o(.text) refers to usart.o(.bss) for USART_RX_BUF
    usart.o(.bss) refers (Special) to use_no_semi_2.o(.text) for __use_no_semihosting
    usart.o(.data) refers (Special) to use_no_semi_2.o(.text) for __use_no_semihosting
    pwm.o(.text) refers to stm32f10x_rcc.o(.text) for RCC_APB2PeriphClockCmd
    pwm.o(.text) refers to stm32f10x_gpio.o(.text) for GPIO_Init
    pwm.o(.text) refers to stm32f10x_tim.o(.text) for TIM_OC3PreloadConfig
    use_no_semi_2.o(.text) refers (Special) to use_no_semi.o(.text) for __use_no_semihosting_swi
    __2printf.o(.text) refers to _printf_char_file.o(.text) for _printf_char_file
    __2printf.o(.text) refers to usart.o(.data) for __stdout
    noretval__2printf.o(.text) refers to _printf_char_file.o(.text) for _printf_char_file
    noretval__2printf.o(.text) refers to usart.o(.data) for __stdout
    atoi.o(.text) refers to rt_errno_addr_intlibspace.o(.text) for __aeabi_errno_addr
    atoi.o(.text) refers to strtol.o(.text) for strtol
    strtol.o(.text) refers to rt_ctype_table.o(.text) for __rt_ctype_table
    strtol.o(.text) refers to _strtoul.o(.text) for _strtoul
    strtol.o(.text) refers to rt_errno_addr_intlibspace.o(.text) for __aeabi_errno_addr
    __main.o(!!!main) refers to rtentry.o(.ARM.Collect$$rtentry$$00000000) for __rt_entry
    rtentry.o(.ARM.Collect$$rtentry$$00000000) refers (Special) to rtentry2.o(.ARM.Collect$$rtentry$$0000000A) for __rt_entry_li
    rtentry.o(.ARM.Collect$$rtentry$$00000000) refers (Special) to rtentry2.o(.ARM.Collect$$rtentry$$0000000D) for __rt_entry_main
    rtentry.o(.ARM.Collect$$rtentry$$00000000) refers (Special) to rtentry2.o(.ARM.Collect$$rtentry$$0000000C) for __rt_entry_postli_1
    rtentry.o(.ARM.Collect$$rtentry$$00000000) refers (Special) to rtentry2.o(.ARM.Collect$$rtentry$$00000009) for __rt_entry_postsh_1
    rtentry.o(.ARM.Collect$$rtentry$$00000000) refers (Special) to rtentry2.o(.ARM.Collect$$rtentry$$00000002) for __rt_entry_presh_1
    rtentry.o(.ARM.Collect$$rtentry$$00000000) refers (Special) to rtentry4.o(.ARM.Collect$$rtentry$$00000004) for __rt_entry_sh
    rt_ctype_table.o(.text) refers to rt_locale_intlibspace.o(.text) for __rt_locale
    rt_ctype_table.o(.text) refers to lc_ctype_c.o(locale$$code) for _get_lc_ctype
    rt_errno_addr.o(.text) refers to rt_errno_addr.o(.bss) for __aeabi_errno_addr_data
    rt_errno_addr_intlibspace.o(.text) refers to libspace.o(.bss) for __libspace_start
    _printf_char_file.o(.text) refers to _printf_char_common.o(.text) for _printf_char_common
    _printf_char_file.o(.text) refers to ferror.o(.text) for ferror
    _printf_char_file.o(.text) refers to usart.o(.text) for fputc
    _strtoul.o(.text) refers to _chval.o(.text) for _chval
    _strtoul.o(.text) refers to rt_errno_addr_intlibspace.o(.text) for __aeabi_errno_addr
    libspace.o(.text) refers to libspace.o(.bss) for __libspace_start
    rtentry2.o(.ARM.Collect$$rtentry$$00000008) refers to boardinit2.o(.text) for _platform_post_stackheap_init
    rtentry2.o(.ARM.Collect$$rtentry$$0000000A) refers to libinit.o(.ARM.Collect$$libinit$$00000000) for __rt_lib_init
    rtentry2.o(.ARM.Collect$$rtentry$$0000000B) refers to boardinit3.o(.text) for _platform_post_lib_init
    rtentry2.o(.ARM.Collect$$rtentry$$0000000D) refers to main.o(.text) for main
    rtentry2.o(.ARM.Collect$$rtentry$$0000000D) refers to exit.o(.text) for exit
    rtentry2.o(.ARM.exidx) refers to rtentry2.o(.ARM.Collect$$rtentry$$00000001) for .ARM.Collect$$rtentry$$00000001
    rtentry2.o(.ARM.exidx) refers to rtentry2.o(.ARM.Collect$$rtentry$$00000008) for .ARM.Collect$$rtentry$$00000008
    rtentry2.o(.ARM.exidx) refers to rtentry2.o(.ARM.Collect$$rtentry$$0000000A) for .ARM.Collect$$rtentry$$0000000A
    rtentry2.o(.ARM.exidx) refers to rtentry2.o(.ARM.Collect$$rtentry$$0000000B) for .ARM.Collect$$rtentry$$0000000B
    rtentry2.o(.ARM.exidx) refers to rtentry2.o(.ARM.Collect$$rtentry$$0000000D) for .ARM.Collect$$rtentry$$0000000D
    rtentry4.o(.ARM.Collect$$rtentry$$00000004) refers to sys_stackheap_outer.o(.text) for __user_setup_stackheap
    rtentry4.o(.ARM.exidx) refers to rtentry4.o(.ARM.Collect$$rtentry$$00000004) for .ARM.Collect$$rtentry$$00000004
    rt_locale.o(.text) refers to rt_locale.o(.bss) for __rt_locale_data
    rt_locale_intlibspace.o(.text) refers to libspace.o(.bss) for __libspace_start
    _printf_char_common.o(.text) refers to __printf_nopercent.o(.text) for __printf
    lc_ctype_c.o(locale$$data) refers (Special) to libinit2.o(.ARM.Collect$$libinit$$00000010) for __rt_lib_init_lc_ctype_2
    lc_ctype_c.o(locale$$code) refers (Special) to libinit2.o(.ARM.Collect$$libinit$$00000010) for __rt_lib_init_lc_ctype_2
    lc_ctype_c.o(locale$$code) refers to strcmpv7m.o(.text) for strcmp
    lc_ctype_c.o(locale$$code) refers to lc_ctype_c.o(locale$$data) for __lcctype_c_name
    sys_stackheap_outer.o(.text) refers to libspace.o(.text) for __user_perproc_libspace
    sys_stackheap_outer.o(.text) refers to startup_stm32f10x_hd.o(.text) for __user_initial_stackheap
    exit.o(.text) refers to rtexit.o(.ARM.Collect$$rtexit$$00000000) for __rt_exit
    libinit.o(.ARM.Collect$$libinit$$00000000) refers (Special) to libinit2.o(.ARM.Collect$$libinit$$0000002C) for __rt_lib_init_alloca_1
    libinit.o(.ARM.Collect$$libinit$$00000000) refers (Special) to libinit2.o(.ARM.Collect$$libinit$$0000002A) for __rt_lib_init_argv_1
    libinit.o(.ARM.Collect$$libinit$$00000000) refers (Special) to libinit2.o(.ARM.Collect$$libinit$$00000019) for __rt_lib_init_atexit_1
    libinit.o(.ARM.Collect$$libinit$$00000000) refers (Special) to libinit2.o(.ARM.Collect$$libinit$$0000001F) for __rt_lib_init_clock_1
    libinit.o(.ARM.Collect$$libinit$$00000000) refers (Special) to libinit2.o(.ARM.Collect$$libinit$$00000030) for __rt_lib_init_cpp_1
    libinit.o(.ARM.Collect$$libinit$$00000000) refers (Special) to libinit2.o(.ARM.Collect$$libinit$$0000002E) for __rt_lib_init_exceptions_1
    libinit.o(.ARM.Collect$$libinit$$00000000) refers (Special) to libinit2.o(.ARM.Collect$$libinit$$00000002) for __rt_lib_init_fp_1
    libinit.o(.ARM.Collect$$libinit$$00000000) refers (Special) to libinit2.o(.ARM.Collect$$libinit$$0000001D) for __rt_lib_init_fp_trap_1
    libinit.o(.ARM.Collect$$libinit$$00000000) refers (Special) to libinit2.o(.ARM.Collect$$libinit$$00000021) for __rt_lib_init_getenv_1
    libinit.o(.ARM.Collect$$libinit$$00000000) refers (Special) to libinit2.o(.ARM.Collect$$libinit$$00000008) for __rt_lib_init_heap_1
    libinit.o(.ARM.Collect$$libinit$$00000000) refers (Special) to libinit2.o(.ARM.Collect$$libinit$$0000000F) for __rt_lib_init_lc_collate_1
    libinit.o(.ARM.Collect$$libinit$$00000000) refers (Special) to libinit2.o(.ARM.Collect$$libinit$$00000011) for __rt_lib_init_lc_ctype_1
    libinit.o(.ARM.Collect$$libinit$$00000000) refers (Special) to libinit2.o(.ARM.Collect$$libinit$$00000013) for __rt_lib_init_lc_monetary_1
    libinit.o(.ARM.Collect$$libinit$$00000000) refers (Special) to libinit2.o(.ARM.Collect$$libinit$$00000015) for __rt_lib_init_lc_numeric_1
    libinit.o(.ARM.Collect$$libinit$$00000000) refers (Special) to libinit2.o(.ARM.Collect$$libinit$$00000017) for __rt_lib_init_lc_time_1
    libinit.o(.ARM.Collect$$libinit$$00000000) refers (Special) to libinit2.o(.ARM.Collect$$libinit$$0000000C) for __rt_lib_init_rand_1
    libinit.o(.ARM.Collect$$libinit$$00000000) refers (Special) to libinit2.o(.ARM.Collect$$libinit$$00000031) for __rt_lib_init_return
    libinit.o(.ARM.Collect$$libinit$$00000000) refers (Special) to libinit2.o(.ARM.Collect$$libinit$$0000001B) for __rt_lib_init_signal_1
    libinit.o(.ARM.Collect$$libinit$$00000000) refers (Special) to libinit2.o(.ARM.Collect$$libinit$$00000023) for __rt_lib_init_stdio_1
    libinit.o(.ARM.Collect$$libinit$$00000000) refers (Special) to libinit2.o(.ARM.Collect$$libinit$$0000000A) for __rt_lib_init_user_alloc_1
    libinit2.o(.ARM.Collect$$libinit$$0000000D) refers (Weak) to rt_locale_intlibspace.o(.text) for __rt_locale
    libinit2.o(.ARM.Collect$$libinit$$0000000E) refers to libinit2.o(.ARM.Collect$$libinit$$0000000D) for .ARM.Collect$$libinit$$0000000D
    libinit2.o(.ARM.Collect$$libinit$$00000010) refers to libinit2.o(.ARM.Collect$$libinit$$0000000D) for .ARM.Collect$$libinit$$0000000D
    libinit2.o(.ARM.Collect$$libinit$$00000010) refers (Weak) to lc_ctype_c.o(locale$$code) for _get_lc_ctype
    libinit2.o(.ARM.Collect$$libinit$$00000012) refers to libinit2.o(.ARM.Collect$$libinit$$0000000D) for .ARM.Collect$$libinit$$0000000D
    libinit2.o(.ARM.Collect$$libinit$$00000014) refers to libinit2.o(.ARM.Collect$$libinit$$0000000D) for .ARM.Collect$$libinit$$0000000D
    libinit2.o(.ARM.Collect$$libinit$$00000016) refers to libinit2.o(.ARM.Collect$$libinit$$0000000D) for .ARM.Collect$$libinit$$0000000D
    libinit2.o(.ARM.Collect$$libinit$$00000024) refers to argv_veneer.o(.emb_text) for __ARM_argv_veneer
    libinit2.o(.ARM.Collect$$libinit$$00000025) refers to argv_veneer.o(.emb_text) for __ARM_argv_veneer
    rtexit.o(.ARM.Collect$$rtexit$$00000000) refers (Special) to rtexit2.o(.ARM.Collect$$rtexit$$00000004) for __rt_exit_exit
    rtexit.o(.ARM.Collect$$rtexit$$00000000) refers (Special) to rtexit2.o(.ARM.Collect$$rtexit$$00000003) for __rt_exit_ls
    rtexit.o(.ARM.Collect$$rtexit$$00000000) refers (Special) to rtexit2.o(.ARM.Collect$$rtexit$$00000002) for __rt_exit_prels_1
    rtexit.o(.ARM.exidx) refers (Special) to rtexit2.o(.ARM.Collect$$rtexit$$00000004) for __rt_exit_exit
    rtexit.o(.ARM.exidx) refers (Special) to rtexit2.o(.ARM.Collect$$rtexit$$00000003) for __rt_exit_ls
    rtexit.o(.ARM.exidx) refers (Special) to rtexit2.o(.ARM.Collect$$rtexit$$00000002) for __rt_exit_prels_1
    rtexit.o(.ARM.exidx) refers to rtexit.o(.ARM.Collect$$rtexit$$00000000) for .ARM.Collect$$rtexit$$00000000
    argv_veneer.o(.emb_text) refers to no_argv.o(.text) for __ARM_get_argv
    rtexit2.o(.ARM.Collect$$rtexit$$00000003) refers to libshutdown.o(.ARM.Collect$$libshutdown$$00000000) for __rt_lib_shutdown
    rtexit2.o(.ARM.Collect$$rtexit$$00000004) refers to usart.o(.text) for _sys_exit
    rtexit2.o(.ARM.exidx) refers to rtexit2.o(.ARM.Collect$$rtexit$$00000001) for .ARM.Collect$$rtexit$$00000001
    rtexit2.o(.ARM.exidx) refers to rtexit2.o(.ARM.Collect$$rtexit$$00000003) for .ARM.Collect$$rtexit$$00000003
    rtexit2.o(.ARM.exidx) refers to rtexit2.o(.ARM.Collect$$rtexit$$00000004) for .ARM.Collect$$rtexit$$00000004
    _get_argv_nomalloc.o(.text) refers (Special) to hrguard.o(.text) for __heap_region$guard
    _get_argv_nomalloc.o(.text) refers to defsig_rtmem_outer.o(.text) for __rt_SIGRTMEM
    _get_argv_nomalloc.o(.text) refers to sys_command.o(.text) for _sys_command_string
    sys_command.o(.text) refers (Special) to use_no_semi.o(.text) for __I$use$semihosting
    sys_command.o(.text) refers (Special) to indicate_semi.o(.text) for __semihosting_library_function
    defsig_rtmem_outer.o(.text) refers to defsig_rtmem_inner.o(.text) for __rt_SIGRTMEM_inner
    defsig_rtmem_outer.o(.text) refers to defsig_exit.o(.text) for __sig_exit
    defsig_rtmem_formal.o(.text) refers to rt_raise.o(.text) for __rt_raise
    libshutdown.o(.ARM.Collect$$libshutdown$$00000000) refers (Special) to libshutdown2.o(.ARM.Collect$$libshutdown$$00000006) for __rt_lib_shutdown_fp_trap_1
    libshutdown.o(.ARM.Collect$$libshutdown$$00000000) refers (Special) to libshutdown2.o(.ARM.Collect$$libshutdown$$0000000E) for __rt_lib_shutdown_heap_1
    libshutdown.o(.ARM.Collect$$libshutdown$$00000000) refers (Special) to libshutdown2.o(.ARM.Collect$$libshutdown$$0000000F) for __rt_lib_shutdown_return
    libshutdown.o(.ARM.Collect$$libshutdown$$00000000) refers (Special) to libshutdown2.o(.ARM.Collect$$libshutdown$$00000009) for __rt_lib_shutdown_signal_1
    libshutdown.o(.ARM.Collect$$libshutdown$$00000000) refers (Special) to libshutdown2.o(.ARM.Collect$$libshutdown$$00000003) for __rt_lib_shutdown_stdio_1
    libshutdown.o(.ARM.Collect$$libshutdown$$00000000) refers (Special) to libshutdown2.o(.ARM.Collect$$libshutdown$$0000000B) for __rt_lib_shutdown_user_alloc_1
    rt_raise.o(.text) refers to __raise.o(.text) for __raise
    rt_raise.o(.text) refers to usart.o(.text) for _sys_exit
    defsig_exit.o(.text) refers to usart.o(.text) for _sys_exit
    defsig_rtmem_inner.o(.text) refers to defsig_general.o(.text) for __default_signal_display
    __raise.o(.text) refers to defsig.o(CL$$defsig) for __default_signal_handler
    defsig_general.o(.text) refers to sys_wrch.o(.text) for _ttywrch
    sys_wrch.o(.text) refers (Special) to use_no_semi.o(.text) for __I$use$semihosting
    sys_wrch.o(.text) refers (Special) to indicate_semi.o(.text) for __semihosting_library_function
    defsig.o(CL$$defsig) refers to defsig_rtmem_inner.o(.text) for __rt_SIGRTMEM_inner
    defsig_abrt_inner.o(.text) refers to defsig_general.o(.text) for __default_signal_display
    defsig_fpe_inner.o(.text) refers to defsig_general.o(.text) for __default_signal_display
    defsig_rtred_inner.o(.text) refers to defsig_general.o(.text) for __default_signal_display
    defsig_stak_inner.o(.text) refers to defsig_general.o(.text) for __default_signal_display
    defsig_pvfn_inner.o(.text) refers to defsig_general.o(.text) for __default_signal_display
    defsig_cppl_inner.o(.text) refers to defsig_general.o(.text) for __default_signal_display
    defsig_segv_inner.o(.text) refers to defsig_general.o(.text) for __default_signal_display
    defsig_other.o(.text) refers to defsig_general.o(.text) for __default_signal_display


==============================================================================

Removing Unused input sections from the image.

    Removing core_cm3.o(.emb_text), (32 bytes).
    Removing stm32f10x_adc.o(.text), (1102 bytes).
    Removing stm32f10x_dma.o(.text), (596 bytes).
    Removing stm32f10x_exti.o(.text), (284 bytes).
    Removing stm32f10x_iwdg.o(.text), (64 bytes).
    Removing stm32f10x_pwr.o(.text), (204 bytes).
    Removing stm32f10x_rtc.o(.text), (328 bytes).
    Removing stm32f10x_spi.o(.text), (780 bytes).
    Removing stm32f10x_wwdg.o(.text), (136 bytes).
    Removing delay.o(.text), (212 bytes).
    Removing delay.o(.data), (4 bytes).
    Removing sys.o(.text), (12 bytes).

12 unused section(s) (total 3754 bytes) removed from the image.

==============================================================================

Image Symbol Table

    Local Symbols

    Symbol Name                              Value     Ov Type        Size  Object(Section)

    ../clib/angel/boardlib.s                 0x00000000   Number         0  boardshut.o ABSOLUTE
    ../clib/angel/boardlib.s                 0x00000000   Number         0  boardinit1.o ABSOLUTE
    ../clib/angel/boardlib.s                 0x00000000   Number         0  boardinit3.o ABSOLUTE
    ../clib/angel/boardlib.s                 0x00000000   Number         0  boardinit2.o ABSOLUTE
    ../clib/angel/handlers.s                 0x00000000   Number         0  __scatter_zi.o ABSOLUTE
    ../clib/angel/handlers.s                 0x00000000   Number         0  __scatter_copy.o ABSOLUTE
    ../clib/angel/kernel.s                   0x00000000   Number         0  rtexit2.o ABSOLUTE
    ../clib/angel/kernel.s                   0x00000000   Number         0  rtentry4.o ABSOLUTE
    ../clib/angel/kernel.s                   0x00000000   Number         0  rtexit.o ABSOLUTE
    ../clib/angel/kernel.s                   0x00000000   Number         0  rtentry2.o ABSOLUTE
    ../clib/angel/kernel.s                   0x00000000   Number         0  rtentry.o ABSOLUTE
    ../clib/angel/rt.s                       0x00000000   Number         0  rt_locale_intlibspace.o ABSOLUTE
    ../clib/angel/rt.s                       0x00000000   Number         0  rt_locale.o ABSOLUTE
    ../clib/angel/rt.s                       0x00000000   Number         0  rt_errno_addr.o ABSOLUTE
    ../clib/angel/rt.s                       0x00000000   Number         0  rt_raise.o ABSOLUTE
    ../clib/angel/rt.s                       0x00000000   Number         0  rt_ctype_table.o ABSOLUTE
    ../clib/angel/rt.s                       0x00000000   Number         0  rt_errno_addr_intlibspace.o ABSOLUTE
    ../clib/angel/scatter.s                  0x00000000   Number         0  __scatter.o ABSOLUTE
    ../clib/angel/startup.s                  0x00000000   Number         0  __main.o ABSOLUTE
    ../clib/angel/sys.s                      0x00000000   Number         0  indicate_semi.o ABSOLUTE
    ../clib/angel/sys.s                      0x00000000   Number         0  use_no_semi_2.o ABSOLUTE
    ../clib/angel/sys.s                      0x00000000   Number         0  use_no_semi.o ABSOLUTE
    ../clib/angel/sys.s                      0x00000000   Number         0  sys_stackheap_outer.o ABSOLUTE
    ../clib/angel/sys.s                      0x00000000   Number         0  libspace.o ABSOLUTE
    ../clib/angel/sysapp.c                   0x00000000   Number         0  sys_command.o ABSOLUTE
    ../clib/angel/sysapp.c                   0x00000000   Number         0  sys_wrch.o ABSOLUTE
    ../clib/armsys.c                         0x00000000   Number         0  argv_veneer.o ABSOLUTE
    ../clib/armsys.c                         0x00000000   Number         0  _get_argv_nomalloc.o ABSOLUTE
    ../clib/armsys.c                         0x00000000   Number         0  no_argv.o ABSOLUTE
    ../clib/armsys.c                         0x00000000   Number         0  argv_veneer.o ABSOLUTE
    ../clib/heapalloc.c                      0x00000000   Number         0  hrguard.o ABSOLUTE
    ../clib/heapaux.c                        0x00000000   Number         0  heapauxi.o ABSOLUTE
    ../clib/libinit.s                        0x00000000   Number         0  libinit.o ABSOLUTE
    ../clib/libinit.s                        0x00000000   Number         0  libshutdown2.o ABSOLUTE
    ../clib/libinit.s                        0x00000000   Number         0  libshutdown.o ABSOLUTE
    ../clib/libinit.s                        0x00000000   Number         0  libinit2.o ABSOLUTE
    ../clib/locale.s                         0x00000000   Number         0  lc_ctype_c.o ABSOLUTE
    ../clib/memcpset.s                       0x00000000   Number         0  strcmpv7m.o ABSOLUTE
    ../clib/memcpset.s                       0x00000000   Number         0  rt_memclr_w.o ABSOLUTE
    ../clib/printf.c                         0x00000000   Number         0  noretval__2printf.o ABSOLUTE
    ../clib/printf.c                         0x00000000   Number         0  __2printf.o ABSOLUTE
    ../clib/printf.c                         0x00000000   Number         0  _printf_char_common.o ABSOLUTE
    ../clib/printf.c                         0x00000000   Number         0  __printf_nopercent.o ABSOLUTE
    ../clib/printf.c                         0x00000000   Number         0  _printf_char_file.o ABSOLUTE
    ../clib/scanf.c                          0x00000000   Number         0  _chval.o ABSOLUTE
    ../clib/scanf.c                          0x00000000   Number         0  _strtoul.o ABSOLUTE
    ../clib/scanf.c                          0x00000000   Number         0  strtol.o ABSOLUTE
    ../clib/scanf.c                          0x00000000   Number         0  atoi.o ABSOLUTE
    ../clib/signal.c                         0x00000000   Number         0  defsig_other.o ABSOLUTE
    ../clib/signal.c                         0x00000000   Number         0  defsig_segv_inner.o ABSOLUTE
    ../clib/signal.c                         0x00000000   Number         0  defsig_cppl_inner.o ABSOLUTE
    ../clib/signal.c                         0x00000000   Number         0  defsig_pvfn_inner.o ABSOLUTE
    ../clib/signal.c                         0x00000000   Number         0  defsig_stak_inner.o ABSOLUTE
    ../clib/signal.c                         0x00000000   Number         0  defsig_rtred_inner.o ABSOLUTE
    ../clib/signal.c                         0x00000000   Number         0  defsig_fpe_inner.o ABSOLUTE
    ../clib/signal.c                         0x00000000   Number         0  defsig_abrt_inner.o ABSOLUTE
    ../clib/signal.c                         0x00000000   Number         0  defsig_general.o ABSOLUTE
    ../clib/signal.c                         0x00000000   Number         0  __raise.o ABSOLUTE
    ../clib/signal.c                         0x00000000   Number         0  defsig_exit.o ABSOLUTE
    ../clib/signal.c                         0x00000000   Number         0  defsig_rtmem_formal.o ABSOLUTE
    ../clib/signal.c                         0x00000000   Number         0  defsig_rtmem_inner.o ABSOLUTE
    ../clib/signal.c                         0x00000000   Number         0  defsig_rtmem_outer.o ABSOLUTE
    ../clib/signal.s                         0x00000000   Number         0  defsig.o ABSOLUTE
    ../clib/stdio.c                          0x00000000   Number         0  ferror_locked.o ABSOLUTE
    ../clib/stdio.c                          0x00000000   Number         0  ferror.o ABSOLUTE
    ../clib/stdlib.c                         0x00000000   Number         0  exit.o ABSOLUTE
    ../clib/string.c                         0x00000000   Number         0  strlen.o ABSOLUTE
    ../fplib/fpinit.s                        0x00000000   Number         0  fpinit.o ABSOLUTE
    ..\CORE\core_cm3.c                       0x00000000   Number         0  core_cm3.o ABSOLUTE
    ..\CORE\startup_stm32f10x_hd.s           0x00000000   Number         0  startup_stm32f10x_hd.o ABSOLUTE
    ..\HARDWARE\pwm.c                        0x00000000   Number         0  pwm.o ABSOLUTE
    ..\STM32F10x_FWLib\src\misc.c            0x00000000   Number         0  misc.o ABSOLUTE
    ..\STM32F10x_FWLib\src\stm32f10x_adc.c   0x00000000   Number         0  stm32f10x_adc.o ABSOLUTE
    ..\STM32F10x_FWLib\src\stm32f10x_dma.c   0x00000000   Number         0  stm32f10x_dma.o ABSOLUTE
    ..\STM32F10x_FWLib\src\stm32f10x_exti.c  0x00000000   Number         0  stm32f10x_exti.o ABSOLUTE
    ..\STM32F10x_FWLib\src\stm32f10x_gpio.c  0x00000000   Number         0  stm32f10x_gpio.o ABSOLUTE
    ..\STM32F10x_FWLib\src\stm32f10x_iwdg.c  0x00000000   Number         0  stm32f10x_iwdg.o ABSOLUTE
    ..\STM32F10x_FWLib\src\stm32f10x_pwr.c   0x00000000   Number         0  stm32f10x_pwr.o ABSOLUTE
    ..\STM32F10x_FWLib\src\stm32f10x_rcc.c   0x00000000   Number         0  stm32f10x_rcc.o ABSOLUTE
    ..\STM32F10x_FWLib\src\stm32f10x_rtc.c   0x00000000   Number         0  stm32f10x_rtc.o ABSOLUTE
    ..\STM32F10x_FWLib\src\stm32f10x_spi.c   0x00000000   Number         0  stm32f10x_spi.o ABSOLUTE
    ..\STM32F10x_FWLib\src\stm32f10x_tim.c   0x00000000   Number         0  stm32f10x_tim.o ABSOLUTE
    ..\STM32F10x_FWLib\src\stm32f10x_usart.c 0x00000000   Number         0  stm32f10x_usart.o ABSOLUTE
    ..\STM32F10x_FWLib\src\stm32f10x_wwdg.c  0x00000000   Number         0  stm32f10x_wwdg.o ABSOLUTE
    ..\SYSTEM\delay\delay.c                  0x00000000   Number         0  delay.o ABSOLUTE
    ..\SYSTEM\sys\sys.c                      0x00000000   Number         0  sys.o ABSOLUTE
    ..\SYSTEM\usart\usart.c                  0x00000000   Number         0  usart.o ABSOLUTE
    ..\\CORE\\core_cm3.c                     0x00000000   Number         0  core_cm3.o ABSOLUTE
    dc.s                                     0x00000000   Number         0  dc.o ABSOLUTE
    main.c                                   0x00000000   Number         0  main.o ABSOLUTE
    stm32f10x_it.c                           0x00000000   Number         0  stm32f10x_it.o ABSOLUTE
    system_stm32f10x.c                       0x00000000   Number         0  system_stm32f10x.o ABSOLUTE
    RESET                                    0x08000000   Section      304  startup_stm32f10x_hd.o(RESET)
    !!!main                                  0x08000130   Section        8  __main.o(!!!main)
    !!!scatter                               0x08000138   Section       52  __scatter.o(!!!scatter)
    !!handler_copy                           0x0800016c   Section       26  __scatter_copy.o(!!handler_copy)
    !!handler_zi                             0x08000188   Section       28  __scatter_zi.o(!!handler_zi)
    .ARM.Collect$$libinit$$00000000          0x080001a4   Section        2  libinit.o(.ARM.Collect$$libinit$$00000000)
    .ARM.Collect$$libinit$$00000002          0x080001a6   Section        0  libinit2.o(.ARM.Collect$$libinit$$00000002)
    .ARM.Collect$$libinit$$00000008          0x080001a6   Section        0  libinit2.o(.ARM.Collect$$libinit$$00000008)
    .ARM.Collect$$libinit$$0000000A          0x080001a6   Section        0  libinit2.o(.ARM.Collect$$libinit$$0000000A)
    .ARM.Collect$$libinit$$0000000C          0x080001a6   Section        0  libinit2.o(.ARM.Collect$$libinit$$0000000C)
    .ARM.Collect$$libinit$$0000000D          0x080001a6   Section        6  libinit2.o(.ARM.Collect$$libinit$$0000000D)
    .ARM.Collect$$libinit$$0000000F          0x080001ac   Section        0  libinit2.o(.ARM.Collect$$libinit$$0000000F)
    .ARM.Collect$$libinit$$00000010          0x080001ac   Section       12  libinit2.o(.ARM.Collect$$libinit$$00000010)
    .ARM.Collect$$libinit$$00000011          0x080001b8   Section        0  libinit2.o(.ARM.Collect$$libinit$$00000011)
    .ARM.Collect$$libinit$$00000013          0x080001b8   Section        0  libinit2.o(.ARM.Collect$$libinit$$00000013)
    .ARM.Collect$$libinit$$00000015          0x080001b8   Section        0  libinit2.o(.ARM.Collect$$libinit$$00000015)
    .ARM.Collect$$libinit$$00000017          0x080001b8   Section        0  libinit2.o(.ARM.Collect$$libinit$$00000017)
    .ARM.Collect$$libinit$$00000019          0x080001b8   Section        0  libinit2.o(.ARM.Collect$$libinit$$00000019)
    .ARM.Collect$$libinit$$0000001B          0x080001b8   Section        0  libinit2.o(.ARM.Collect$$libinit$$0000001B)
    .ARM.Collect$$libinit$$0000001D          0x080001b8   Section        0  libinit2.o(.ARM.Collect$$libinit$$0000001D)
    .ARM.Collect$$libinit$$0000001F          0x080001b8   Section        0  libinit2.o(.ARM.Collect$$libinit$$0000001F)
    .ARM.Collect$$libinit$$00000021          0x080001b8   Section        0  libinit2.o(.ARM.Collect$$libinit$$00000021)
    .ARM.Collect$$libinit$$00000023          0x080001b8   Section        0  libinit2.o(.ARM.Collect$$libinit$$00000023)
    .ARM.Collect$$libinit$$0000002A          0x080001b8   Section        0  libinit2.o(.ARM.Collect$$libinit$$0000002A)
    .ARM.Collect$$libinit$$0000002C          0x080001b8   Section        0  libinit2.o(.ARM.Collect$$libinit$$0000002C)
    .ARM.Collect$$libinit$$0000002E          0x080001b8   Section        0  libinit2.o(.ARM.Collect$$libinit$$0000002E)
    .ARM.Collect$$libinit$$00000030          0x080001b8   Section        0  libinit2.o(.ARM.Collect$$libinit$$00000030)
    .ARM.Collect$$libinit$$00000031          0x080001b8   Section        2  libinit2.o(.ARM.Collect$$libinit$$00000031)
    .ARM.Collect$$libshutdown$$00000000      0x080001ba   Section        2  libshutdown.o(.ARM.Collect$$libshutdown$$00000000)
    .ARM.Collect$$libshutdown$$00000003      0x080001bc   Section        0  libshutdown2.o(.ARM.Collect$$libshutdown$$00000003)
    .ARM.Collect$$libshutdown$$00000006      0x080001bc   Section        0  libshutdown2.o(.ARM.Collect$$libshutdown$$00000006)
    .ARM.Collect$$libshutdown$$00000009      0x080001bc   Section        0  libshutdown2.o(.ARM.Collect$$libshutdown$$00000009)
    .ARM.Collect$$libshutdown$$0000000B      0x080001bc   Section        0  libshutdown2.o(.ARM.Collect$$libshutdown$$0000000B)
    .ARM.Collect$$libshutdown$$0000000E      0x080001bc   Section        0  libshutdown2.o(.ARM.Collect$$libshutdown$$0000000E)
    .ARM.Collect$$libshutdown$$0000000F      0x080001bc   Section        2  libshutdown2.o(.ARM.Collect$$libshutdown$$0000000F)
    .ARM.Collect$$rtentry$$00000000          0x080001be   Section        0  rtentry.o(.ARM.Collect$$rtentry$$00000000)
    .ARM.Collect$$rtentry$$00000002          0x080001be   Section        0  rtentry2.o(.ARM.Collect$$rtentry$$00000002)
    .ARM.Collect$$rtentry$$00000004          0x080001be   Section        6  rtentry4.o(.ARM.Collect$$rtentry$$00000004)
    .ARM.Collect$$rtentry$$00000009          0x080001c4   Section        0  rtentry2.o(.ARM.Collect$$rtentry$$00000009)
    .ARM.Collect$$rtentry$$0000000A          0x080001c4   Section        4  rtentry2.o(.ARM.Collect$$rtentry$$0000000A)
    .ARM.Collect$$rtentry$$0000000C          0x080001c8   Section        0  rtentry2.o(.ARM.Collect$$rtentry$$0000000C)
    .ARM.Collect$$rtentry$$0000000D          0x080001c8   Section        8  rtentry2.o(.ARM.Collect$$rtentry$$0000000D)
    .ARM.Collect$$rtexit$$00000000           0x080001d0   Section        2  rtexit.o(.ARM.Collect$$rtexit$$00000000)
    .ARM.Collect$$rtexit$$00000002           0x080001d2   Section        0  rtexit2.o(.ARM.Collect$$rtexit$$00000002)
    .ARM.Collect$$rtexit$$00000003           0x080001d2   Section        4  rtexit2.o(.ARM.Collect$$rtexit$$00000003)
    .ARM.Collect$$rtexit$$00000004           0x080001d6   Section        6  rtexit2.o(.ARM.Collect$$rtexit$$00000004)
    .text                                    0x080001dc   Section        0  main.o(.text)
    .text                                    0x08000ccc   Section        0  stm32f10x_it.o(.text)
    .text                                    0x08000ce8   Section        0  system_stm32f10x.o(.text)
    SetSysClockTo72                          0x08000ce9   Thumb Code   214  system_stm32f10x.o(.text)
    SetSysClock                              0x08000dbf   Thumb Code     8  system_stm32f10x.o(.text)
    .text                                    0x08000ec8   Section       64  startup_stm32f10x_hd.o(.text)
    .text                                    0x08000f08   Section        0  misc.o(.text)
    .text                                    0x08000fe4   Section        0  stm32f10x_gpio.o(.text)
    .text                                    0x08001340   Section        0  stm32f10x_rcc.o(.text)
    .text                                    0x080016e4   Section        0  stm32f10x_tim.o(.text)
    TI4_Config                               0x08001b8b   Thumb Code   130  stm32f10x_tim.o(.text)
    TI3_Config                               0x08001c1f   Thumb Code   122  stm32f10x_tim.o(.text)
    TI2_Config                               0x08001cb3   Thumb Code   130  stm32f10x_tim.o(.text)
    TI1_Config                               0x08001d47   Thumb Code   108  stm32f10x_tim.o(.text)
    .text                                    0x08002500   Section        0  stm32f10x_usart.o(.text)
    .text                                    0x08002908   Section        0  usart.o(.text)
    .text                                    0x08002b00   Section        0  pwm.o(.text)
    .text                                    0x08002d70   Section        2  use_no_semi_2.o(.text)
    .text                                    0x08002d74   Section        0  noretval__2printf.o(.text)
    .text                                    0x08002d8c   Section        0  atoi.o(.text)
    .text                                    0x08002da6   Section        0  strtol.o(.text)
    .text                                    0x08002e16   Section        0  strlen.o(.text)
    .text                                    0x08002e54   Section       78  rt_memclr_w.o(.text)
    .text                                    0x08002ea4   Section      128  strcmpv7m.o(.text)
    .text                                    0x08002f24   Section        0  heapauxi.o(.text)
    .text                                    0x08002f2a   Section        2  use_no_semi.o(.text)
    .text                                    0x08002f2c   Section       16  rt_ctype_table.o(.text)
    .text                                    0x08002f3c   Section        8  rt_errno_addr_intlibspace.o(.text)
    .text                                    0x08002f44   Section        0  _printf_char_file.o(.text)
    .text                                    0x08002f68   Section        0  _strtoul.o(.text)
    .text                                    0x08003008   Section        8  libspace.o(.text)
    .text                                    0x08003010   Section        8  rt_locale_intlibspace.o(.text)
    .text                                    0x08003018   Section        0  _printf_char_common.o(.text)
    _printf_input_char                       0x08003019   Thumb Code    10  _printf_char_common.o(.text)
    .text                                    0x08003048   Section        0  _chval.o(.text)
    .text                                    0x08003064   Section        0  ferror.o(.text)
    .text                                    0x0800306c   Section       74  sys_stackheap_outer.o(.text)
    .text                                    0x080030b6   Section        0  __printf_nopercent.o(.text)
    .text                                    0x080030de   Section        0  exit.o(.text)
    locale$$code                             0x080030ec   Section       44  lc_ctype_c.o(locale$$code)
    .conststring                             0x08003118   Section      938  main.o(.conststring)
    locale$$data                             0x080034e4   Section      272  lc_ctype_c.o(locale$$data)
    __lcctype_c_name                         0x080034e8   Data           2  lc_ctype_c.o(locale$$data)
    __lcctype_c_start                        0x080034f0   Data           0  lc_ctype_c.o(locale$$data)
    __lcctype_c_end                          0x080035f4   Data           0  lc_ctype_c.o(locale$$data)
    .data                                    0x20000000   Section       12  main.o(.data)
    .data                                    0x2000000c   Section       20  system_stm32f10x.o(.data)
    .data                                    0x20000020   Section       20  stm32f10x_rcc.o(.data)
    APBAHBPrescTable                         0x20000020   Data          16  stm32f10x_rcc.o(.data)
    ADCPrescTable                            0x20000030   Data           4  stm32f10x_rcc.o(.data)
    .data                                    0x20000034   Section        6  usart.o(.data)
    .bss                                     0x2000003c   Section      380  main.o(.bss)
    .bss                                     0x200001b8   Section      200  usart.o(.bss)
    .bss                                     0x20000280   Section       96  libspace.o(.bss)
    HEAP                                     0x200002e0   Section      512  startup_stm32f10x_hd.o(HEAP)
    Heap_Mem                                 0x200002e0   Data         512  startup_stm32f10x_hd.o(HEAP)
    STACK                                    0x200004e0   Section     1024  startup_stm32f10x_hd.o(STACK)
    Stack_Mem                                0x200004e0   Data        1024  startup_stm32f10x_hd.o(STACK)
    __initial_sp                             0x200008e0   Data           0  startup_stm32f10x_hd.o(STACK)

    Global Symbols

    Symbol Name                              Value     Ov Type        Size  Object(Section)

    BuildAttributes$$THM_ISAv4$P$D$K$B$S$PE$A:L22UL41UL21$X:L11$S22US41US21$IEEE1$IW$USESV6$~STKCKD$USESV7$~SHL$OSPACE$ROPI$EBA8$UX$STANDARDLIB$REQ8$PRES8$EABIv2 0x00000000   Number         0  anon$$obj.o ABSOLUTE
    __ARM_use_no_argv                        0x00000000   Number         0  main.o ABSOLUTE
    __ARM_exceptions_init                     - Undefined Weak Reference
    __alloca_initialize                       - Undefined Weak Reference
    __cpp_initialize__aeabi_                  - Undefined Weak Reference
    __cxa_finalize                            - Undefined Weak Reference
    __sigvec_lookup                           - Undefined Weak Reference
    _atexit_init                              - Undefined Weak Reference
    _call_atexit_fns                          - Undefined Weak Reference
    _clock_init                               - Undefined Weak Reference
    _fp_trap_init                             - Undefined Weak Reference
    _fp_trap_shutdown                         - Undefined Weak Reference
    _get_lc_collate                           - Undefined Weak Reference
    _get_lc_monetary                          - Undefined Weak Reference
    _get_lc_numeric                           - Undefined Weak Reference
    _get_lc_time                              - Undefined Weak Reference
    _getenv_init                              - Undefined Weak Reference
    _handle_redirection                       - Undefined Weak Reference
    _init_alloc                               - Undefined Weak Reference
    _init_user_alloc                          - Undefined Weak Reference
    _initio                                   - Undefined Weak Reference
    _mutex_acquire                            - Undefined Weak Reference
    _mutex_release                            - Undefined Weak Reference
    _rand_init                                - Undefined Weak Reference
    _signal_finish                            - Undefined Weak Reference
    _signal_init                              - Undefined Weak Reference
    _terminate_alloc                          - Undefined Weak Reference
    _terminate_user_alloc                     - Undefined Weak Reference
    _terminateio                              - Undefined Weak Reference
    __Vectors_Size                           0x00000130   Number         0  startup_stm32f10x_hd.o ABSOLUTE
    __Vectors                                0x08000000   Data           4  startup_stm32f10x_hd.o(RESET)
    __Vectors_End                            0x08000130   Data           0  startup_stm32f10x_hd.o(RESET)
    __main                                   0x08000131   Thumb Code     8  __main.o(!!!main)
    __scatterload                            0x08000139   Thumb Code     0  __scatter.o(!!!scatter)
    __scatterload_rt2                        0x08000139   Thumb Code    44  __scatter.o(!!!scatter)
    __scatterload_rt2_thumb_only             0x08000139   Thumb Code     0  __scatter.o(!!!scatter)
    __scatterload_null                       0x08000147   Thumb Code     0  __scatter.o(!!!scatter)
    __scatterload_copy                       0x0800016d   Thumb Code    26  __scatter_copy.o(!!handler_copy)
    __scatterload_zeroinit                   0x08000189   Thumb Code    28  __scatter_zi.o(!!handler_zi)
    __rt_lib_init                            0x080001a5   Thumb Code     0  libinit.o(.ARM.Collect$$libinit$$00000000)
    __rt_lib_init_fp_1                       0x080001a7   Thumb Code     0  libinit2.o(.ARM.Collect$$libinit$$00000002)
    __rt_lib_init_heap_1                     0x080001a7   Thumb Code     0  libinit2.o(.ARM.Collect$$libinit$$00000008)
    __rt_lib_init_lc_common                  0x080001a7   Thumb Code     0  libinit2.o(.ARM.Collect$$libinit$$0000000D)
    __rt_lib_init_rand_1                     0x080001a7   Thumb Code     0  libinit2.o(.ARM.Collect$$libinit$$0000000C)
    __rt_lib_init_user_alloc_1               0x080001a7   Thumb Code     0  libinit2.o(.ARM.Collect$$libinit$$0000000A)
    __rt_lib_init_lc_collate_1               0x080001ad   Thumb Code     0  libinit2.o(.ARM.Collect$$libinit$$0000000F)
    __rt_lib_init_lc_ctype_2                 0x080001ad   Thumb Code     0  libinit2.o(.ARM.Collect$$libinit$$00000010)
    __rt_lib_init_alloca_1                   0x080001b9   Thumb Code     0  libinit2.o(.ARM.Collect$$libinit$$0000002C)
    __rt_lib_init_argv_1                     0x080001b9   Thumb Code     0  libinit2.o(.ARM.Collect$$libinit$$0000002A)
    __rt_lib_init_atexit_1                   0x080001b9   Thumb Code     0  libinit2.o(.ARM.Collect$$libinit$$00000019)
    __rt_lib_init_clock_1                    0x080001b9   Thumb Code     0  libinit2.o(.ARM.Collect$$libinit$$0000001F)
    __rt_lib_init_cpp_1                      0x080001b9   Thumb Code     0  libinit2.o(.ARM.Collect$$libinit$$00000030)
    __rt_lib_init_exceptions_1               0x080001b9   Thumb Code     0  libinit2.o(.ARM.Collect$$libinit$$0000002E)
    __rt_lib_init_fp_trap_1                  0x080001b9   Thumb Code     0  libinit2.o(.ARM.Collect$$libinit$$0000001D)
    __rt_lib_init_getenv_1                   0x080001b9   Thumb Code     0  libinit2.o(.ARM.Collect$$libinit$$00000021)
    __rt_lib_init_lc_ctype_1                 0x080001b9   Thumb Code     0  libinit2.o(.ARM.Collect$$libinit$$00000011)
    __rt_lib_init_lc_monetary_1              0x080001b9   Thumb Code     0  libinit2.o(.ARM.Collect$$libinit$$00000013)
    __rt_lib_init_lc_numeric_1               0x080001b9   Thumb Code     0  libinit2.o(.ARM.Collect$$libinit$$00000015)
    __rt_lib_init_lc_time_1                  0x080001b9   Thumb Code     0  libinit2.o(.ARM.Collect$$libinit$$00000017)
    __rt_lib_init_return                     0x080001b9   Thumb Code     0  libinit2.o(.ARM.Collect$$libinit$$00000031)
    __rt_lib_init_signal_1                   0x080001b9   Thumb Code     0  libinit2.o(.ARM.Collect$$libinit$$0000001B)
    __rt_lib_init_stdio_1                    0x080001b9   Thumb Code     0  libinit2.o(.ARM.Collect$$libinit$$00000023)
    __rt_lib_shutdown                        0x080001bb   Thumb Code     0  libshutdown.o(.ARM.Collect$$libshutdown$$00000000)
    __rt_lib_shutdown_fp_trap_1              0x080001bd   Thumb Code     0  libshutdown2.o(.ARM.Collect$$libshutdown$$00000006)
    __rt_lib_shutdown_heap_1                 0x080001bd   Thumb Code     0  libshutdown2.o(.ARM.Collect$$libshutdown$$0000000E)
    __rt_lib_shutdown_return                 0x080001bd   Thumb Code     0  libshutdown2.o(.ARM.Collect$$libshutdown$$0000000F)
    __rt_lib_shutdown_signal_1               0x080001bd   Thumb Code     0  libshutdown2.o(.ARM.Collect$$libshutdown$$00000009)
    __rt_lib_shutdown_stdio_1                0x080001bd   Thumb Code     0  libshutdown2.o(.ARM.Collect$$libshutdown$$00000003)
    __rt_lib_shutdown_user_alloc_1           0x080001bd   Thumb Code     0  libshutdown2.o(.ARM.Collect$$libshutdown$$0000000B)
    __rt_entry                               0x080001bf   Thumb Code     0  rtentry.o(.ARM.Collect$$rtentry$$00000000)
    __rt_entry_presh_1                       0x080001bf   Thumb Code     0  rtentry2.o(.ARM.Collect$$rtentry$$00000002)
    __rt_entry_sh                            0x080001bf   Thumb Code     0  rtentry4.o(.ARM.Collect$$rtentry$$00000004)
    __rt_entry_li                            0x080001c5   Thumb Code     0  rtentry2.o(.ARM.Collect$$rtentry$$0000000A)
    __rt_entry_postsh_1                      0x080001c5   Thumb Code     0  rtentry2.o(.ARM.Collect$$rtentry$$00000009)
    __rt_entry_main                          0x080001c9   Thumb Code     0  rtentry2.o(.ARM.Collect$$rtentry$$0000000D)
    __rt_entry_postli_1                      0x080001c9   Thumb Code     0  rtentry2.o(.ARM.Collect$$rtentry$$0000000C)
    __rt_exit                                0x080001d1   Thumb Code     0  rtexit.o(.ARM.Collect$$rtexit$$00000000)
    __rt_exit_ls                             0x080001d3   Thumb Code     0  rtexit2.o(.ARM.Collect$$rtexit$$00000003)
    __rt_exit_prels_1                        0x080001d3   Thumb Code     0  rtexit2.o(.ARM.Collect$$rtexit$$00000002)
    __rt_exit_exit                           0x080001d7   Thumb Code     0  rtexit2.o(.ARM.Collect$$rtexit$$00000004)
    Delay                                    0x080001dd   Thumb Code    12  main.o(.text)
    showhelp                                 0x080001e9   Thumb Code    26  main.o(.text)
    getcmdlen                                0x08000203   Thumb Code    66  main.o(.text)
    parsecmd                                 0x08000245   Thumb Code  1512  main.o(.text)
    Stm32_Clock_Init                         0x0800082d   Thumb Code   126  main.o(.text)
    main                                     0x080008ab   Thumb Code   142  main.o(.text)
    TIM2_IRQHandler                          0x08000939   Thumb Code   154  main.o(.text)
    TIM3_IRQHandler                          0x080009d3   Thumb Code   494  main.o(.text)
    TIM4_IRQHandler                          0x08000bc1   Thumb Code   168  main.o(.text)
    NMI_Handler                              0x08000ccd   Thumb Code     2  stm32f10x_it.o(.text)
    HardFault_Handler                        0x08000ccf   Thumb Code     4  stm32f10x_it.o(.text)
    MemManage_Handler                        0x08000cd3   Thumb Code     4  stm32f10x_it.o(.text)
    BusFault_Handler                         0x08000cd7   Thumb Code     4  stm32f10x_it.o(.text)
    UsageFault_Handler                       0x08000cdb   Thumb Code     4  stm32f10x_it.o(.text)
    SVC_Handler                              0x08000cdf   Thumb Code     2  stm32f10x_it.o(.text)
    DebugMon_Handler                         0x08000ce1   Thumb Code     2  stm32f10x_it.o(.text)
    PendSV_Handler                           0x08000ce3   Thumb Code     2  stm32f10x_it.o(.text)
    SysTick_Handler                          0x08000ce5   Thumb Code     2  stm32f10x_it.o(.text)
    SystemInit                               0x08000dc7   Thumb Code    78  system_stm32f10x.o(.text)
    SystemCoreClockUpdate                    0x08000e15   Thumb Code   142  system_stm32f10x.o(.text)
    Reset_Handler                            0x08000ec9   Thumb Code     8  startup_stm32f10x_hd.o(.text)
    ADC1_2_IRQHandler                        0x08000ee3   Thumb Code     0  startup_stm32f10x_hd.o(.text)
    ADC3_IRQHandler                          0x08000ee3   Thumb Code     0  startup_stm32f10x_hd.o(.text)
    CAN1_RX1_IRQHandler                      0x08000ee3   Thumb Code     0  startup_stm32f10x_hd.o(.text)
    CAN1_SCE_IRQHandler                      0x08000ee3   Thumb Code     0  startup_stm32f10x_hd.o(.text)
    DMA1_Channel1_IRQHandler                 0x08000ee3   Thumb Code     0  startup_stm32f10x_hd.o(.text)
    DMA1_Channel2_IRQHandler                 0x08000ee3   Thumb Code     0  startup_stm32f10x_hd.o(.text)
    DMA1_Channel3_IRQHandler                 0x08000ee3   Thumb Code     0  startup_stm32f10x_hd.o(.text)
    DMA1_Channel4_IRQHandler                 0x08000ee3   Thumb Code     0  startup_stm32f10x_hd.o(.text)
    DMA1_Channel5_IRQHandler                 0x08000ee3   Thumb Code     0  startup_stm32f10x_hd.o(.text)
    DMA1_Channel6_IRQHandler                 0x08000ee3   Thumb Code     0  startup_stm32f10x_hd.o(.text)
    DMA1_Channel7_IRQHandler                 0x08000ee3   Thumb Code     0  startup_stm32f10x_hd.o(.text)
    DMA2_Channel1_IRQHandler                 0x08000ee3   Thumb Code     0  startup_stm32f10x_hd.o(.text)
    DMA2_Channel2_IRQHandler                 0x08000ee3   Thumb Code     0  startup_stm32f10x_hd.o(.text)
    DMA2_Channel3_IRQHandler                 0x08000ee3   Thumb Code     0  startup_stm32f10x_hd.o(.text)
    DMA2_Channel4_5_IRQHandler               0x08000ee3   Thumb Code     0  startup_stm32f10x_hd.o(.text)
    EXTI0_IRQHandler                         0x08000ee3   Thumb Code     0  startup_stm32f10x_hd.o(.text)
    EXTI15_10_IRQHandler                     0x08000ee3   Thumb Code     0  startup_stm32f10x_hd.o(.text)
    EXTI1_IRQHandler                         0x08000ee3   Thumb Code     0  startup_stm32f10x_hd.o(.text)
    EXTI2_IRQHandler                         0x08000ee3   Thumb Code     0  startup_stm32f10x_hd.o(.text)
    EXTI3_IRQHandler                         0x08000ee3   Thumb Code     0  startup_stm32f10x_hd.o(.text)
    EXTI4_IRQHandler                         0x08000ee3   Thumb Code     0  startup_stm32f10x_hd.o(.text)
    EXTI9_5_IRQHandler                       0x08000ee3   Thumb Code     0  startup_stm32f10x_hd.o(.text)
    FLASH_IRQHandler                         0x08000ee3   Thumb Code     0  startup_stm32f10x_hd.o(.text)
    FSMC_IRQHandler                          0x08000ee3   Thumb Code     0  startup_stm32f10x_hd.o(.text)
    I2C1_ER_IRQHandler                       0x08000ee3   Thumb Code     0  startup_stm32f10x_hd.o(.text)
    I2C1_EV_IRQHandler                       0x08000ee3   Thumb Code     0  startup_stm32f10x_hd.o(.text)
    I2C2_ER_IRQHandler                       0x08000ee3   Thumb Code     0  startup_stm32f10x_hd.o(.text)
    I2C2_EV_IRQHandler                       0x08000ee3   Thumb Code     0  startup_stm32f10x_hd.o(.text)
    PVD_IRQHandler                           0x08000ee3   Thumb Code     0  startup_stm32f10x_hd.o(.text)
    RCC_IRQHandler                           0x08000ee3   Thumb Code     0  startup_stm32f10x_hd.o(.text)
    RTCAlarm_IRQHandler                      0x08000ee3   Thumb Code     0  startup_stm32f10x_hd.o(.text)
    RTC_IRQHandler                           0x08000ee3   Thumb Code     0  startup_stm32f10x_hd.o(.text)
    SDIO_IRQHandler                          0x08000ee3   Thumb Code     0  startup_stm32f10x_hd.o(.text)
    SPI1_IRQHandler                          0x08000ee3   Thumb Code     0  startup_stm32f10x_hd.o(.text)
    SPI2_IRQHandler                          0x08000ee3   Thumb Code     0  startup_stm32f10x_hd.o(.text)
    SPI3_IRQHandler                          0x08000ee3   Thumb Code     0  startup_stm32f10x_hd.o(.text)
    TAMPER_IRQHandler                        0x08000ee3   Thumb Code     0  startup_stm32f10x_hd.o(.text)
    TIM1_BRK_IRQHandler                      0x08000ee3   Thumb Code     0  startup_stm32f10x_hd.o(.text)
    TIM1_CC_IRQHandler                       0x08000ee3   Thumb Code     0  startup_stm32f10x_hd.o(.text)
    TIM1_TRG_COM_IRQHandler                  0x08000ee3   Thumb Code     0  startup_stm32f10x_hd.o(.text)
    TIM1_UP_IRQHandler                       0x08000ee3   Thumb Code     0  startup_stm32f10x_hd.o(.text)
    TIM5_IRQHandler                          0x08000ee3   Thumb Code     0  startup_stm32f10x_hd.o(.text)
    TIM6_IRQHandler                          0x08000ee3   Thumb Code     0  startup_stm32f10x_hd.o(.text)
    TIM7_IRQHandler                          0x08000ee3   Thumb Code     0  startup_stm32f10x_hd.o(.text)
    TIM8_BRK_IRQHandler                      0x08000ee3   Thumb Code     0  startup_stm32f10x_hd.o(.text)
    TIM8_CC_IRQHandler                       0x08000ee3   Thumb Code     0  startup_stm32f10x_hd.o(.text)
    TIM8_TRG_COM_IRQHandler                  0x08000ee3   Thumb Code     0  startup_stm32f10x_hd.o(.text)
    TIM8_UP_IRQHandler                       0x08000ee3   Thumb Code     0  startup_stm32f10x_hd.o(.text)
    UART4_IRQHandler                         0x08000ee3   Thumb Code     0  startup_stm32f10x_hd.o(.text)
    UART5_IRQHandler                         0x08000ee3   Thumb Code     0  startup_stm32f10x_hd.o(.text)
    USART2_IRQHandler                        0x08000ee3   Thumb Code     0  startup_stm32f10x_hd.o(.text)
    USART3_IRQHandler                        0x08000ee3   Thumb Code     0  startup_stm32f10x_hd.o(.text)
    USBWakeUp_IRQHandler                     0x08000ee3   Thumb Code     0  startup_stm32f10x_hd.o(.text)
    USB_HP_CAN1_TX_IRQHandler                0x08000ee3   Thumb Code     0  startup_stm32f10x_hd.o(.text)
    USB_LP_CAN1_RX0_IRQHandler               0x08000ee3   Thumb Code     0  startup_stm32f10x_hd.o(.text)
    WWDG_IRQHandler                          0x08000ee3   Thumb Code     0  startup_stm32f10x_hd.o(.text)
    __user_initial_stackheap                 0x08000ee5   Thumb Code     0  startup_stm32f10x_hd.o(.text)
    NVIC_PriorityGroupConfig                 0x08000f09   Thumb Code    10  misc.o(.text)
    NVIC_Init                                0x08000f13   Thumb Code   100  misc.o(.text)
    NVIC_SetVectorTable                      0x08000f77   Thumb Code    14  misc.o(.text)
    NVIC_SystemLPConfig                      0x08000f85   Thumb Code    34  misc.o(.text)
    SysTick_CLKSourceConfig                  0x08000fa7   Thumb Code    40  misc.o(.text)
    GPIO_DeInit                              0x08000fe5   Thumb Code   172  stm32f10x_gpio.o(.text)
    GPIO_AFIODeInit                          0x08001091   Thumb Code    20  stm32f10x_gpio.o(.text)
    GPIO_Init                                0x080010a5   Thumb Code   278  stm32f10x_gpio.o(.text)
    GPIO_StructInit                          0x080011bb   Thumb Code    16  stm32f10x_gpio.o(.text)
    GPIO_ReadInputDataBit                    0x080011cb   Thumb Code    18  stm32f10x_gpio.o(.text)
    GPIO_ReadInputData                       0x080011dd   Thumb Code     8  stm32f10x_gpio.o(.text)
    GPIO_ReadOutputDataBit                   0x080011e5   Thumb Code    18  stm32f10x_gpio.o(.text)
    GPIO_ReadOutputData                      0x080011f7   Thumb Code     8  stm32f10x_gpio.o(.text)
    GPIO_SetBits                             0x080011ff   Thumb Code     4  stm32f10x_gpio.o(.text)
    GPIO_ResetBits                           0x08001203   Thumb Code     4  stm32f10x_gpio.o(.text)
    GPIO_WriteBit                            0x08001207   Thumb Code    10  stm32f10x_gpio.o(.text)
    GPIO_Write                               0x08001211   Thumb Code     4  stm32f10x_gpio.o(.text)
    GPIO_PinLockConfig                       0x08001215   Thumb Code    18  stm32f10x_gpio.o(.text)
    GPIO_EventOutputConfig                   0x08001227   Thumb Code    26  stm32f10x_gpio.o(.text)
    GPIO_EventOutputCmd                      0x08001241   Thumb Code     6  stm32f10x_gpio.o(.text)
    GPIO_PinRemapConfig                      0x08001247   Thumb Code   138  stm32f10x_gpio.o(.text)
    GPIO_EXTILineConfig                      0x080012d1   Thumb Code    66  stm32f10x_gpio.o(.text)
    GPIO_ETH_MediaInterfaceConfig            0x08001313   Thumb Code     8  stm32f10x_gpio.o(.text)
    RCC_DeInit                               0x08001341   Thumb Code    64  stm32f10x_rcc.o(.text)
    RCC_HSEConfig                            0x08001381   Thumb Code    70  stm32f10x_rcc.o(.text)
    RCC_GetFlagStatus                        0x080013c7   Thumb Code    56  stm32f10x_rcc.o(.text)
    RCC_WaitForHSEStartUp                    0x080013ff   Thumb Code    56  stm32f10x_rcc.o(.text)
    RCC_AdjustHSICalibrationValue            0x08001437   Thumb Code    20  stm32f10x_rcc.o(.text)
    RCC_HSICmd                               0x0800144b   Thumb Code     6  stm32f10x_rcc.o(.text)
    RCC_PLLConfig                            0x08001451   Thumb Code    24  stm32f10x_rcc.o(.text)
    RCC_PLLCmd                               0x08001469   Thumb Code     6  stm32f10x_rcc.o(.text)
    RCC_SYSCLKConfig                         0x0800146f   Thumb Code    18  stm32f10x_rcc.o(.text)
    RCC_GetSYSCLKSource                      0x08001481   Thumb Code    10  stm32f10x_rcc.o(.text)
    RCC_HCLKConfig                           0x0800148b   Thumb Code    18  stm32f10x_rcc.o(.text)
    RCC_PCLK1Config                          0x0800149d   Thumb Code    18  stm32f10x_rcc.o(.text)
    RCC_PCLK2Config                          0x080014af   Thumb Code    20  stm32f10x_rcc.o(.text)
    RCC_ITConfig                             0x080014c3   Thumb Code    26  stm32f10x_rcc.o(.text)
    RCC_USBCLKConfig                         0x080014dd   Thumb Code     8  stm32f10x_rcc.o(.text)
    RCC_ADCCLKConfig                         0x080014e5   Thumb Code    18  stm32f10x_rcc.o(.text)
    RCC_LSEConfig                            0x080014f7   Thumb Code    50  stm32f10x_rcc.o(.text)
    RCC_LSICmd                               0x08001529   Thumb Code     6  stm32f10x_rcc.o(.text)
    RCC_RTCCLKConfig                         0x0800152f   Thumb Code    12  stm32f10x_rcc.o(.text)
    RCC_RTCCLKCmd                            0x0800153b   Thumb Code     8  stm32f10x_rcc.o(.text)
    RCC_GetClocksFreq                        0x08001543   Thumb Code   192  stm32f10x_rcc.o(.text)
    RCC_AHBPeriphClockCmd                    0x08001603   Thumb Code    26  stm32f10x_rcc.o(.text)
    RCC_APB2PeriphClockCmd                   0x0800161d   Thumb Code    26  stm32f10x_rcc.o(.text)
    RCC_APB1PeriphClockCmd                   0x08001637   Thumb Code    26  stm32f10x_rcc.o(.text)
    RCC_APB2PeriphResetCmd                   0x08001651   Thumb Code    26  stm32f10x_rcc.o(.text)
    RCC_APB1PeriphResetCmd                   0x0800166b   Thumb Code    26  stm32f10x_rcc.o(.text)
    RCC_BackupResetCmd                       0x08001685   Thumb Code     8  stm32f10x_rcc.o(.text)
    RCC_ClockSecuritySystemCmd               0x0800168d   Thumb Code     6  stm32f10x_rcc.o(.text)
    RCC_MCOConfig                            0x08001693   Thumb Code     6  stm32f10x_rcc.o(.text)
    RCC_ClearFlag                            0x08001699   Thumb Code    14  stm32f10x_rcc.o(.text)
    RCC_GetITStatus                          0x080016a7   Thumb Code    20  stm32f10x_rcc.o(.text)
    RCC_ClearITPendingBit                    0x080016bb   Thumb Code     6  stm32f10x_rcc.o(.text)
    TIM_DeInit                               0x080016e5   Thumb Code   424  stm32f10x_tim.o(.text)
    TIM_TimeBaseInit                         0x0800188d   Thumb Code   122  stm32f10x_tim.o(.text)
    TIM_OC1Init                              0x08001907   Thumb Code   132  stm32f10x_tim.o(.text)
    TIM_OC2Init                              0x0800198b   Thumb Code   154  stm32f10x_tim.o(.text)
    TIM_OC3Init                              0x08001a25   Thumb Code   150  stm32f10x_tim.o(.text)
    TIM_OC4Init                              0x08001abb   Thumb Code   182  stm32f10x_tim.o(.text)
    TIM_SetIC4Prescaler                      0x08001b71   Thumb Code    26  stm32f10x_tim.o(.text)
    TIM_SetIC3Prescaler                      0x08001c0d   Thumb Code    18  stm32f10x_tim.o(.text)
    TIM_SetIC2Prescaler                      0x08001c99   Thumb Code    26  stm32f10x_tim.o(.text)
    TIM_SetIC1Prescaler                      0x08001d35   Thumb Code    18  stm32f10x_tim.o(.text)
    TIM_ICInit                               0x08001db3   Thumb Code   150  stm32f10x_tim.o(.text)
    TIM_PWMIConfig                           0x08001e49   Thumb Code   124  stm32f10x_tim.o(.text)
    TIM_BDTRConfig                           0x08001ec5   Thumb Code    32  stm32f10x_tim.o(.text)
    TIM_TimeBaseStructInit                   0x08001ee5   Thumb Code    18  stm32f10x_tim.o(.text)
    TIM_OCStructInit                         0x08001ef7   Thumb Code    20  stm32f10x_tim.o(.text)
    TIM_ICStructInit                         0x08001f0b   Thumb Code    18  stm32f10x_tim.o(.text)
    TIM_BDTRStructInit                       0x08001f1d   Thumb Code    40  stm32f10x_tim.o(.text)
    TIM_Cmd                                  0x08001f45   Thumb Code    24  stm32f10x_tim.o(.text)
    TIM_CtrlPWMOutputs                       0x08001f5d   Thumb Code    30  stm32f10x_tim.o(.text)
    TIM_ITConfig                             0x08001f7b   Thumb Code    18  stm32f10x_tim.o(.text)
    TIM_GenerateEvent                        0x08001f8d   Thumb Code     4  stm32f10x_tim.o(.text)
    TIM_DMAConfig                            0x08001f91   Thumb Code    10  stm32f10x_tim.o(.text)
    TIM_DMACmd                               0x08001f9b   Thumb Code    18  stm32f10x_tim.o(.text)
    TIM_InternalClockConfig                  0x08001fad   Thumb Code    12  stm32f10x_tim.o(.text)
    TIM_SelectInputTrigger                   0x08001fb9   Thumb Code    18  stm32f10x_tim.o(.text)
    TIM_ITRxExternalClockConfig              0x08001fcb   Thumb Code    24  stm32f10x_tim.o(.text)
    TIM_TIxExternalClockConfig               0x08001fe3   Thumb Code    62  stm32f10x_tim.o(.text)
    TIM_ETRConfig                            0x08002021   Thumb Code    28  stm32f10x_tim.o(.text)
    TIM_ETRClockMode1Config                  0x0800203d   Thumb Code    54  stm32f10x_tim.o(.text)
    TIM_ETRClockMode2Config                  0x08002073   Thumb Code    32  stm32f10x_tim.o(.text)
    TIM_PrescalerConfig                      0x08002093   Thumb Code     6  stm32f10x_tim.o(.text)
    TIM_CounterModeConfig                    0x08002099   Thumb Code    18  stm32f10x_tim.o(.text)
    TIM_EncoderInterfaceConfig               0x080020ab   Thumb Code    66  stm32f10x_tim.o(.text)
    TIM_ForcedOC1Config                      0x080020ed   Thumb Code    18  stm32f10x_tim.o(.text)
    TIM_ForcedOC2Config                      0x080020ff   Thumb Code    26  stm32f10x_tim.o(.text)
    TIM_ForcedOC3Config                      0x08002119   Thumb Code    18  stm32f10x_tim.o(.text)
    TIM_ForcedOC4Config                      0x0800212b   Thumb Code    26  stm32f10x_tim.o(.text)
    TIM_ARRPreloadConfig                     0x08002145   Thumb Code    24  stm32f10x_tim.o(.text)
    TIM_SelectCOM                            0x0800215d   Thumb Code    24  stm32f10x_tim.o(.text)
    TIM_SelectCCDMA                          0x08002175   Thumb Code    24  stm32f10x_tim.o(.text)
    TIM_CCPreloadControl                     0x0800218d   Thumb Code    24  stm32f10x_tim.o(.text)
    TIM_OC1PreloadConfig                     0x080021a5   Thumb Code    18  stm32f10x_tim.o(.text)
    TIM_OC2PreloadConfig                     0x080021b7   Thumb Code    26  stm32f10x_tim.o(.text)
    TIM_OC3PreloadConfig                     0x080021d1   Thumb Code    18  stm32f10x_tim.o(.text)
    TIM_OC4PreloadConfig                     0x080021e3   Thumb Code    26  stm32f10x_tim.o(.text)
    TIM_OC1FastConfig                        0x080021fd   Thumb Code    18  stm32f10x_tim.o(.text)
    TIM_OC2FastConfig                        0x0800220f   Thumb Code    26  stm32f10x_tim.o(.text)
    TIM_OC3FastConfig                        0x08002229   Thumb Code    18  stm32f10x_tim.o(.text)
    TIM_OC4FastConfig                        0x0800223b   Thumb Code    26  stm32f10x_tim.o(.text)
    TIM_ClearOC1Ref                          0x08002255   Thumb Code    18  stm32f10x_tim.o(.text)
    TIM_ClearOC2Ref                          0x08002267   Thumb Code    24  stm32f10x_tim.o(.text)
    TIM_ClearOC3Ref                          0x0800227f   Thumb Code    18  stm32f10x_tim.o(.text)
    TIM_ClearOC4Ref                          0x08002291   Thumb Code    24  stm32f10x_tim.o(.text)
    TIM_OC1PolarityConfig                    0x080022a9   Thumb Code    18  stm32f10x_tim.o(.text)
    TIM_OC1NPolarityConfig                   0x080022bb   Thumb Code    18  stm32f10x_tim.o(.text)
    TIM_OC2PolarityConfig                    0x080022cd   Thumb Code    26  stm32f10x_tim.o(.text)
    TIM_OC2NPolarityConfig                   0x080022e7   Thumb Code    26  stm32f10x_tim.o(.text)
    TIM_OC3PolarityConfig                    0x08002301   Thumb Code    26  stm32f10x_tim.o(.text)
    TIM_OC3NPolarityConfig                   0x0800231b   Thumb Code    26  stm32f10x_tim.o(.text)
    TIM_OC4PolarityConfig                    0x08002335   Thumb Code    26  stm32f10x_tim.o(.text)
    TIM_CCxCmd                               0x0800234f   Thumb Code    30  stm32f10x_tim.o(.text)
    TIM_CCxNCmd                              0x0800236d   Thumb Code    30  stm32f10x_tim.o(.text)
    TIM_SelectOCxM                           0x0800238b   Thumb Code    82  stm32f10x_tim.o(.text)
    TIM_UpdateDisableConfig                  0x080023dd   Thumb Code    24  stm32f10x_tim.o(.text)
    TIM_UpdateRequestConfig                  0x080023f5   Thumb Code    24  stm32f10x_tim.o(.text)
    TIM_SelectHallSensor                     0x0800240d   Thumb Code    24  stm32f10x_tim.o(.text)
    TIM_SelectOnePulseMode                   0x08002425   Thumb Code    18  stm32f10x_tim.o(.text)
    TIM_SelectOutputTrigger                  0x08002437   Thumb Code    18  stm32f10x_tim.o(.text)
    TIM_SelectSlaveMode                      0x08002449   Thumb Code    18  stm32f10x_tim.o(.text)
    TIM_SelectMasterSlaveMode                0x0800245b   Thumb Code    18  stm32f10x_tim.o(.text)
    TIM_SetCounter                           0x0800246d   Thumb Code     4  stm32f10x_tim.o(.text)
    TIM_SetAutoreload                        0x08002471   Thumb Code     4  stm32f10x_tim.o(.text)
    TIM_SetCompare1                          0x08002475   Thumb Code     4  stm32f10x_tim.o(.text)
    TIM_SetCompare2                          0x08002479   Thumb Code     4  stm32f10x_tim.o(.text)
    TIM_SetCompare3                          0x0800247d   Thumb Code     4  stm32f10x_tim.o(.text)
    TIM_SetCompare4                          0x08002481   Thumb Code     6  stm32f10x_tim.o(.text)
    TIM_SetClockDivision                     0x08002487   Thumb Code    18  stm32f10x_tim.o(.text)
    TIM_GetCapture1                          0x08002499   Thumb Code     6  stm32f10x_tim.o(.text)
    TIM_GetCapture2                          0x0800249f   Thumb Code     6  stm32f10x_tim.o(.text)
    TIM_GetCapture3                          0x080024a5   Thumb Code     6  stm32f10x_tim.o(.text)
    TIM_GetCapture4                          0x080024ab   Thumb Code     8  stm32f10x_tim.o(.text)
    TIM_GetCounter                           0x080024b3   Thumb Code     6  stm32f10x_tim.o(.text)
    TIM_GetPrescaler                         0x080024b9   Thumb Code     6  stm32f10x_tim.o(.text)
    TIM_GetFlagStatus                        0x080024bf   Thumb Code    18  stm32f10x_tim.o(.text)
    TIM_ClearFlag                            0x080024d1   Thumb Code     6  stm32f10x_tim.o(.text)
    TIM_GetITStatus                          0x080024d7   Thumb Code    34  stm32f10x_tim.o(.text)
    TIM_ClearITPendingBit                    0x080024f9   Thumb Code     6  stm32f10x_tim.o(.text)
    USART_DeInit                             0x08002501   Thumb Code   134  stm32f10x_usart.o(.text)
    USART_Init                               0x08002587   Thumb Code   210  stm32f10x_usart.o(.text)
    USART_StructInit                         0x08002659   Thumb Code    24  stm32f10x_usart.o(.text)
    USART_ClockInit                          0x08002671   Thumb Code    34  stm32f10x_usart.o(.text)
    USART_ClockStructInit                    0x08002693   Thumb Code    12  stm32f10x_usart.o(.text)
    USART_Cmd                                0x0800269f   Thumb Code    24  stm32f10x_usart.o(.text)
    USART_ITConfig                           0x080026b7   Thumb Code    74  stm32f10x_usart.o(.text)
    USART_DMACmd                             0x08002701   Thumb Code    18  stm32f10x_usart.o(.text)
    USART_SetAddress                         0x08002713   Thumb Code    18  stm32f10x_usart.o(.text)
    USART_WakeUpConfig                       0x08002725   Thumb Code    18  stm32f10x_usart.o(.text)
    USART_ReceiverWakeUpCmd                  0x08002737   Thumb Code    24  stm32f10x_usart.o(.text)
    USART_LINBreakDetectLengthConfig         0x0800274f   Thumb Code    18  stm32f10x_usart.o(.text)
    USART_LINCmd                             0x08002761   Thumb Code    24  stm32f10x_usart.o(.text)
    USART_SendData                           0x08002779   Thumb Code     8  stm32f10x_usart.o(.text)
    USART_ReceiveData                        0x08002781   Thumb Code    10  stm32f10x_usart.o(.text)
    USART_SendBreak                          0x0800278b   Thumb Code    10  stm32f10x_usart.o(.text)
    USART_SetGuardTime                       0x08002795   Thumb Code    16  stm32f10x_usart.o(.text)
    USART_SetPrescaler                       0x080027a5   Thumb Code    16  stm32f10x_usart.o(.text)
    USART_SmartCardCmd                       0x080027b5   Thumb Code    24  stm32f10x_usart.o(.text)
    USART_SmartCardNACKCmd                   0x080027cd   Thumb Code    24  stm32f10x_usart.o(.text)
    USART_HalfDuplexCmd                      0x080027e5   Thumb Code    24  stm32f10x_usart.o(.text)
    USART_OverSampling8Cmd                   0x080027fd   Thumb Code    22  stm32f10x_usart.o(.text)
    USART_OneBitMethodCmd                    0x08002813   Thumb Code    24  stm32f10x_usart.o(.text)
    USART_IrDAConfig                         0x0800282b   Thumb Code    18  stm32f10x_usart.o(.text)
    USART_IrDACmd                            0x0800283d   Thumb Code    24  stm32f10x_usart.o(.text)
    USART_GetFlagStatus                      0x08002855   Thumb Code    26  stm32f10x_usart.o(.text)
    USART_ClearFlag                          0x0800286f   Thumb Code    18  stm32f10x_usart.o(.text)
    USART_GetITStatus                        0x08002881   Thumb Code    84  stm32f10x_usart.o(.text)
    USART_ClearITPendingBit                  0x080028d5   Thumb Code    52  stm32f10x_usart.o(.text)
    _sys_exit                                0x08002909   Thumb Code     6  usart.o(.text)
    fputc                                    0x0800290f   Thumb Code    24  usart.o(.text)
    fgetc                                    0x08002927   Thumb Code    28  usart.o(.text)
    uart_init                                0x08002943   Thumb Code   158  usart.o(.text)
    USART1_IRQHandler                        0x080029e1   Thumb Code   260  usart.o(.text)
    TIM_PWM_Init                             0x08002b01   Thumb Code   156  pwm.o(.text)
    setTIM3CH3                               0x08002b9d   Thumb Code    78  pwm.o(.text)
    setTIM3CH4                               0x08002beb   Thumb Code    78  pwm.o(.text)
    setTIM4CH1                               0x08002c39   Thumb Code    78  pwm.o(.text)
    setTIM2CH3                               0x08002c87   Thumb Code    88  pwm.o(.text)
    StopTIMxALL                              0x08002cdf   Thumb Code    24  pwm.o(.text)
    setDoubleTIM                             0x08002cf7   Thumb Code   106  pwm.o(.text)
    __use_no_semihosting                     0x08002d71   Thumb Code     2  use_no_semi_2.o(.text)
    __2printf                                0x08002d75   Thumb Code    20  noretval__2printf.o(.text)
    atoi                                     0x08002d8d   Thumb Code    26  atoi.o(.text)
    strtol                                   0x08002da7   Thumb Code   112  strtol.o(.text)
    strlen                                   0x08002e17   Thumb Code    62  strlen.o(.text)
    __aeabi_memclr4                          0x08002e55   Thumb Code     0  rt_memclr_w.o(.text)
    __aeabi_memclr8                          0x08002e55   Thumb Code     0  rt_memclr_w.o(.text)
    __rt_memclr_w                            0x08002e55   Thumb Code    78  rt_memclr_w.o(.text)
    _memset_w                                0x08002e59   Thumb Code     0  rt_memclr_w.o(.text)
    strcmp                                   0x08002ea5   Thumb Code   128  strcmpv7m.o(.text)
    __use_two_region_memory                  0x08002f25   Thumb Code     2  heapauxi.o(.text)
    __rt_heap_escrow$2region                 0x08002f27   Thumb Code     2  heapauxi.o(.text)
    __rt_heap_expand$2region                 0x08002f29   Thumb Code     2  heapauxi.o(.text)
    __I$use$semihosting                      0x08002f2b   Thumb Code     0  use_no_semi.o(.text)
    __use_no_semihosting_swi                 0x08002f2b   Thumb Code     2  use_no_semi.o(.text)
    __rt_ctype_table                         0x08002f2d   Thumb Code    16  rt_ctype_table.o(.text)
    __aeabi_errno_addr                       0x08002f3d   Thumb Code     8  rt_errno_addr_intlibspace.o(.text)
    __errno$intlibspace                      0x08002f3d   Thumb Code     0  rt_errno_addr_intlibspace.o(.text)
    __rt_errno_addr$intlibspace              0x08002f3d   Thumb Code     0  rt_errno_addr_intlibspace.o(.text)
    _printf_char_file                        0x08002f45   Thumb Code    32  _printf_char_file.o(.text)
    _strtoul                                 0x08002f69   Thumb Code   158  _strtoul.o(.text)
    __user_libspace                          0x08003009   Thumb Code     8  libspace.o(.text)
    __user_perproc_libspace                  0x08003009   Thumb Code     0  libspace.o(.text)
    __user_perthread_libspace                0x08003009   Thumb Code     0  libspace.o(.text)
    __rt_locale                              0x08003011   Thumb Code     8  rt_locale_intlibspace.o(.text)
    _printf_char_common                      0x08003023   Thumb Code    32  _printf_char_common.o(.text)
    _chval                                   0x08003049   Thumb Code    28  _chval.o(.text)
    ferror                                   0x08003065   Thumb Code     8  ferror.o(.text)
    __user_setup_stackheap                   0x0800306d   Thumb Code    74  sys_stackheap_outer.o(.text)
    __printf                                 0x080030b7   Thumb Code    40  __printf_nopercent.o(.text)
    exit                                     0x080030df   Thumb Code    12  exit.o(.text)
    _get_lc_ctype                            0x080030ed   Thumb Code    44  lc_ctype_c.o(locale$$code)
    Region$$Table$$Base                      0x080034c4   Number         0  anon$$obj.o(Region$$Table)
    Region$$Table$$Limit                     0x080034e4   Number         0  anon$$obj.o(Region$$Table)
    __ctype                                  0x080034f1   Data           0  lc_ctype_c.o(locale$$data)
    pMultiPulse                              0x20000000   Data           4  main.o(.data)
    g_recvcmdnum                             0x20000004   Data           4  main.o(.data)
    uUartRecvFlag                            0x20000008   Data           1  main.o(.data)
    g_uExitPwmFlag                           0x20000009   Data           1  main.o(.data)
    g_umultipulsenum                         0x2000000a   Data           1  main.o(.data)
    g_umultipulsenumshadow                   0x2000000b   Data           1  main.o(.data)
    SystemCoreClock                          0x2000000c   Data           4  system_stm32f10x.o(.data)
    AHBPrescTable                            0x20000010   Data          16  system_stm32f10x.o(.data)
    __stdout                                 0x20000034   Data           4  usart.o(.data)
    USART_RX_STA                             0x20000038   Data           2  usart.o(.data)
    recvMultiPulse                           0x2000003c   Data          80  main.o(.bss)
    recvcmd                                  0x2000008c   Data         300  main.o(.bss)
    USART_RX_BUF                             0x200001b8   Data         200  usart.o(.bss)
    __libspace_start                         0x20000280   Data          96  libspace.o(.bss)
    __temporary_stack_top$libspace           0x200002e0   Data           0  libspace.o(.bss)



==============================================================================

Memory Map of the image

  Image Entry point : 0x08000131

  Load Region LR_IROM1 (Base: 0x08000000, Size: 0x00003630, Max: 0x00020000, ABSOLUTE)

    Execution Region ER_IROM1 (Base: 0x08000000, Size: 0x000035f4, Max: 0x00020000, ABSOLUTE)

    Base Addr    Size         Type   Attr      Idx    E Section Name        Object

    0x08000000   0x00000130   Data   RO          118    RESET               startup_stm32f10x_hd.o
    0x08000130   0x00000008   Code   RO          407  * !!!main             c_w.l(__main.o)
    0x08000138   0x00000034   Code   RO          588    !!!scatter          c_w.l(__scatter.o)
    0x0800016c   0x0000001a   Code   RO          590    !!handler_copy      c_w.l(__scatter_copy.o)
    0x08000186   0x00000002   PAD
    0x08000188   0x0000001c   Code   RO          592    !!handler_zi        c_w.l(__scatter_zi.o)
    0x080001a4   0x00000002   Code   RO          468    .ARM.Collect$$libinit$$00000000  c_w.l(libinit.o)
    0x080001a6   0x00000000   Code   RO          470    .ARM.Collect$$libinit$$00000002  c_w.l(libinit2.o)
    0x080001a6   0x00000000   Code   RO          473    .ARM.Collect$$libinit$$00000008  c_w.l(libinit2.o)
    0x080001a6   0x00000000   Code   RO          475    .ARM.Collect$$libinit$$0000000A  c_w.l(libinit2.o)
    0x080001a6   0x00000000   Code   RO          477    .ARM.Collect$$libinit$$0000000C  c_w.l(libinit2.o)
    0x080001a6   0x00000006   Code   RO          478    .ARM.Collect$$libinit$$0000000D  c_w.l(libinit2.o)
    0x080001ac   0x00000000   Code   RO          480    .ARM.Collect$$libinit$$0000000F  c_w.l(libinit2.o)
    0x080001ac   0x0000000c   Code   RO          481    .ARM.Collect$$libinit$$00000010  c_w.l(libinit2.o)
    0x080001b8   0x00000000   Code   RO          482    .ARM.Collect$$libinit$$00000011  c_w.l(libinit2.o)
    0x080001b8   0x00000000   Code   RO          484    .ARM.Collect$$libinit$$00000013  c_w.l(libinit2.o)
    0x080001b8   0x00000000   Code   RO          486    .ARM.Collect$$libinit$$00000015  c_w.l(libinit2.o)
    0x080001b8   0x00000000   Code   RO          488    .ARM.Collect$$libinit$$00000017  c_w.l(libinit2.o)
    0x080001b8   0x00000000   Code   RO          490    .ARM.Collect$$libinit$$00000019  c_w.l(libinit2.o)
    0x080001b8   0x00000000   Code   RO          492    .ARM.Collect$$libinit$$0000001B  c_w.l(libinit2.o)
    0x080001b8   0x00000000   Code   RO          494    .ARM.Collect$$libinit$$0000001D  c_w.l(libinit2.o)
    0x080001b8   0x00000000   Code   RO          496    .ARM.Collect$$libinit$$0000001F  c_w.l(libinit2.o)
    0x080001b8   0x00000000   Code   RO          498    .ARM.Collect$$libinit$$00000021  c_w.l(libinit2.o)
    0x080001b8   0x00000000   Code   RO          500    .ARM.Collect$$libinit$$00000023  c_w.l(libinit2.o)
    0x080001b8   0x00000000   Code   RO          504    .ARM.Collect$$libinit$$0000002A  c_w.l(libinit2.o)
    0x080001b8   0x00000000   Code   RO          506    .ARM.Collect$$libinit$$0000002C  c_w.l(libinit2.o)
    0x080001b8   0x00000000   Code   RO          508    .ARM.Collect$$libinit$$0000002E  c_w.l(libinit2.o)
    0x080001b8   0x00000000   Code   RO          510    .ARM.Collect$$libinit$$00000030  c_w.l(libinit2.o)
    0x080001b8   0x00000002   Code   RO          511    .ARM.Collect$$libinit$$00000031  c_w.l(libinit2.o)
    0x080001ba   0x00000002   Code   RO          539    .ARM.Collect$$libshutdown$$00000000  c_w.l(libshutdown.o)
    0x080001bc   0x00000000   Code   RO          549    .ARM.Collect$$libshutdown$$00000003  c_w.l(libshutdown2.o)
    0x080001bc   0x00000000   Code   RO          552    .ARM.Collect$$libshutdown$$00000006  c_w.l(libshutdown2.o)
    0x080001bc   0x00000000   Code   RO          555    .ARM.Collect$$libshutdown$$00000009  c_w.l(libshutdown2.o)
    0x080001bc   0x00000000   Code   RO          557    .ARM.Collect$$libshutdown$$0000000B  c_w.l(libshutdown2.o)
    0x080001bc   0x00000000   Code   RO          560    .ARM.Collect$$libshutdown$$0000000E  c_w.l(libshutdown2.o)
    0x080001bc   0x00000002   Code   RO          561    .ARM.Collect$$libshutdown$$0000000F  c_w.l(libshutdown2.o)
    0x080001be   0x00000000   Code   RO          411    .ARM.Collect$$rtentry$$00000000  c_w.l(rtentry.o)
    0x080001be   0x00000000   Code   RO          427    .ARM.Collect$$rtentry$$00000002  c_w.l(rtentry2.o)
    0x080001be   0x00000006   Code   RO          439    .ARM.Collect$$rtentry$$00000004  c_w.l(rtentry4.o)
    0x080001c4   0x00000000   Code   RO          429    .ARM.Collect$$rtentry$$00000009  c_w.l(rtentry2.o)
    0x080001c4   0x00000004   Code   RO          430    .ARM.Collect$$rtentry$$0000000A  c_w.l(rtentry2.o)
    0x080001c8   0x00000000   Code   RO          432    .ARM.Collect$$rtentry$$0000000C  c_w.l(rtentry2.o)
    0x080001c8   0x00000008   Code   RO          433    .ARM.Collect$$rtentry$$0000000D  c_w.l(rtentry2.o)
    0x080001d0   0x00000002   Code   RO          512    .ARM.Collect$$rtexit$$00000000  c_w.l(rtexit.o)
    0x080001d2   0x00000000   Code   RO          519    .ARM.Collect$$rtexit$$00000002  c_w.l(rtexit2.o)
    0x080001d2   0x00000004   Code   RO          520    .ARM.Collect$$rtexit$$00000003  c_w.l(rtexit2.o)
    0x080001d6   0x00000006   Code   RO          521    .ARM.Collect$$rtexit$$00000004  c_w.l(rtexit2.o)
    0x080001dc   0x00000af0   Code   RO            1    .text               main.o
    0x08000ccc   0x0000001a   Code   RO           75    .text               stm32f10x_it.o
    0x08000ce6   0x00000002   PAD
    0x08000ce8   0x000001e0   Code   RO           87    .text               system_stm32f10x.o
    0x08000ec8   0x00000040   Code   RO          119    .text               startup_stm32f10x_hd.o
    0x08000f08   0x000000dc   Code   RO          123    .text               misc.o
    0x08000fe4   0x0000035c   Code   RO          197    .text               stm32f10x_gpio.o
    0x08001340   0x000003a4   Code   RO          239    .text               stm32f10x_rcc.o
    0x080016e4   0x00000e1a   Code   RO          283    .text               stm32f10x_tim.o
    0x080024fe   0x00000002   PAD
    0x08002500   0x00000408   Code   RO          295    .text               stm32f10x_usart.o
    0x08002908   0x000001f8   Code   RO          351    .text               usart.o
    0x08002b00   0x00000270   Code   RO          375    .text               pwm.o
    0x08002d70   0x00000002   Code   RO          389    .text               c_w.l(use_no_semi_2.o)
    0x08002d72   0x00000002   PAD
    0x08002d74   0x00000018   Code   RO          393    .text               c_w.l(noretval__2printf.o)
    0x08002d8c   0x0000001a   Code   RO          395    .text               c_w.l(atoi.o)
    0x08002da6   0x00000070   Code   RO          397    .text               c_w.l(strtol.o)
    0x08002e16   0x0000003e   Code   RO          399    .text               c_w.l(strlen.o)
    0x08002e54   0x0000004e   Code   RO          401    .text               c_w.l(rt_memclr_w.o)
    0x08002ea2   0x00000002   PAD
    0x08002ea4   0x00000080   Code   RO          403    .text               c_w.l(strcmpv7m.o)
    0x08002f24   0x00000006   Code   RO          405    .text               c_w.l(heapauxi.o)
    0x08002f2a   0x00000002   Code   RO          409    .text               c_w.l(use_no_semi.o)
    0x08002f2c   0x00000010   Code   RO          412    .text               c_w.l(rt_ctype_table.o)
    0x08002f3c   0x00000008   Code   RO          417    .text               c_w.l(rt_errno_addr_intlibspace.o)
    0x08002f44   0x00000024   Code   RO          419    .text               c_w.l(_printf_char_file.o)
    0x08002f68   0x0000009e   Code   RO          421    .text               c_w.l(_strtoul.o)
    0x08003006   0x00000002   PAD
    0x08003008   0x00000008   Code   RO          423    .text               c_w.l(libspace.o)
    0x08003010   0x00000008   Code   RO          444    .text               c_w.l(rt_locale_intlibspace.o)
    0x08003018   0x00000030   Code   RO          446    .text               c_w.l(_printf_char_common.o)
    0x08003048   0x0000001c   Code   RO          448    .text               c_w.l(_chval.o)
    0x08003064   0x00000008   Code   RO          450    .text               c_w.l(ferror.o)
    0x0800306c   0x0000004a   Code   RO          457    .text               c_w.l(sys_stackheap_outer.o)
    0x080030b6   0x00000028   Code   RO          459    .text               c_w.l(__printf_nopercent.o)
    0x080030de   0x0000000c   Code   RO          461    .text               c_w.l(exit.o)
    0x080030ea   0x00000002   PAD
    0x080030ec   0x0000002c   Code   RO          455    locale$$code        c_w.l(lc_ctype_c.o)
    0x08003118   0x000003aa   Data   RO            3    .conststring        main.o
    0x080034c2   0x00000002   PAD
    0x080034c4   0x00000020   Data   RO          586    Region$$Table       anon$$obj.o
    0x080034e4   0x00000110   Data   RO          454    locale$$data        c_w.l(lc_ctype_c.o)


    Execution Region RW_IRAM1 (Base: 0x20000000, Size: 0x000008e0, Max: 0x00005000, ABSOLUTE)

    Base Addr    Size         Type   Attr      Idx    E Section Name        Object

    0x20000000   0x0000000c   Data   RW            4    .data               main.o
    0x2000000c   0x00000014   Data   RW           88    .data               system_stm32f10x.o
    0x20000020   0x00000014   Data   RW          240    .data               stm32f10x_rcc.o
    0x20000034   0x00000006   Data   RW          353    .data               usart.o
    0x2000003a   0x00000002   PAD
    0x2000003c   0x0000017c   Zero   RW            2    .bss                main.o
    0x200001b8   0x000000c8   Zero   RW          352    .bss                usart.o
    0x20000280   0x00000060   Zero   RW          424    .bss                c_w.l(libspace.o)
    0x200002e0   0x00000200   Zero   RW          117    HEAP                startup_stm32f10x_hd.o
    0x200004e0   0x00000400   Zero   RW          116    STACK               startup_stm32f10x_hd.o


==============================================================================

Image component sizes


      Code (inc. data)   RO Data    RW Data    ZI Data      Debug   Object Name

         0          0          0          0          0         32   core_cm3.o
      2800        394        938         12        380     255425   main.o
       220         22          0          0          0     205165   misc.o
       624         16          0          0          0       2348   pwm.o
        64         26        304          0       1536        796   startup_stm32f10x_hd.o
       860         38          0          0          0       5641   stm32f10x_gpio.o
        26          0          0          0          0       1178   stm32f10x_it.o
       932         36          0         20          0       8812   stm32f10x_rcc.o
      3610         88          0          0          0      22124   stm32f10x_tim.o
      1032         22          0          0          0       8364   stm32f10x_usart.o
       480         38          0         20          0       1731   system_stm32f10x.o
       504         28          0          6        200       3443   usart.o

    ----------------------------------------------------------------------
     11156        708       1276         60       2116     515059   Object Totals
         0          0         32          0          0          0   (incl. Generated)
         4          0          2          2          0          0   (incl. Padding)

    ----------------------------------------------------------------------

      Code (inc. data)   RO Data    RW Data    ZI Data      Debug   Library Member Name

         8          0          0          0          0         68   __main.o
        40          0          0          0          0         84   __printf_nopercent.o
        52          8          0          0          0          0   __scatter.o
        26          0          0          0          0          0   __scatter_copy.o
        28          0          0          0          0          0   __scatter_zi.o
        28          0          0          0          0         68   _chval.o
        48          6          0          0          0         96   _printf_char_common.o
        36          4          0          0          0         80   _printf_char_file.o
       158          0          0          0          0         92   _strtoul.o
        26          0          0          0          0         80   atoi.o
        12          0          0          0          0         72   exit.o
         8          0          0          0          0         68   ferror.o
         6          0          0          0          0        152   heapauxi.o
        44         10        272          0          0         76   lc_ctype_c.o
         2          0          0          0          0          0   libinit.o
        20          0          0          0          0          0   libinit2.o
         2          0          0          0          0          0   libshutdown.o
         2          0          0          0          0          0   libshutdown2.o
         8          4          0          0         96         68   libspace.o
        24          4          0          0          0         84   noretval__2printf.o
        16          4          0          0          0         76   rt_ctype_table.o
         8          4          0          0          0         68   rt_errno_addr_intlibspace.o
         8          4          0          0          0         68   rt_locale_intlibspace.o
        78          0          0          0          0         80   rt_memclr_w.o
         0          0          0          0          0          0   rtentry.o
        12          0          0          0          0          0   rtentry2.o
         6          0          0          0          0          0   rtentry4.o
         2          0          0          0          0          0   rtexit.o
        10          0          0          0          0          0   rtexit2.o
       128          0          0          0          0         68   strcmpv7m.o
        62          0          0          0          0         76   strlen.o
       112          0          0          0          0         88   strtol.o
        74          0          0          0          0         80   sys_stackheap_outer.o
         2          0          0          0          0         68   use_no_semi.o
         2          0          0          0          0         68   use_no_semi_2.o

    ----------------------------------------------------------------------
      1108         48        272          0         96       1828   Library Totals
        10          0          0          0          0          0   (incl. Padding)

    ----------------------------------------------------------------------

      Code (inc. data)   RO Data    RW Data    ZI Data      Debug   Library Name

      1098         48        272          0         96       1828   c_w.l

    ----------------------------------------------------------------------
      1108         48        272          0         96       1828   Library Totals

    ----------------------------------------------------------------------

==============================================================================


      Code (inc. data)   RO Data    RW Data    ZI Data      Debug   

     12264        756       1548         60       2212     515011   Grand Totals
     12264        756       1548         60       2212     515011   ELF Image Totals
     12264        756       1548         60          0          0   ROM Totals

==============================================================================

    Total RO  Size (Code + RO Data)                13812 (  13.49kB)
    Total RW  Size (RW Data + ZI Data)              2272 (   2.22kB)
    Total ROM Size (Code + RO Data + RW Data)      13872 (  13.55kB)

==============================================================================

